Component: ARM Compiler 5.05 update 2 (build 169) Tool: armlink [4d0f33]

==============================================================================

Section Cross References

    startup_stm32f429_439xx.o(RESET) refers to startup_stm32f429_439xx.o(STACK) for __initial_sp
    startup_stm32f429_439xx.o(RESET) refers to startup_stm32f429_439xx.o(.text) for Reset_Handler
    startup_stm32f429_439xx.o(RESET) refers to stm32f4xx_it.o(i.NMI_Handler) for NMI_Handler
    startup_stm32f429_439xx.o(RESET) refers to stm32f4xx_it.o(i.HardFault_Handler) for HardFault_Handler
    startup_stm32f429_439xx.o(RESET) refers to stm32f4xx_it.o(i.MemManage_Handler) for MemManage_Handler
    startup_stm32f429_439xx.o(RESET) refers to stm32f4xx_it.o(i.BusFault_Handler) for BusFault_Handler
    startup_stm32f429_439xx.o(RESET) refers to stm32f4xx_it.o(i.UsageFault_Handler) for UsageFault_Handler
    startup_stm32f429_439xx.o(RESET) refers to stm32f4xx_it.o(i.SVC_Handler) for SVC_Handler
    startup_stm32f429_439xx.o(RESET) refers to stm32f4xx_it.o(i.DebugMon_Handler) for DebugMon_Handler
    startup_stm32f429_439xx.o(RESET) refers to os_cpu_a.o(.text) for PendSV_Handler
    startup_stm32f429_439xx.o(RESET) refers to delay.o(i.SysTick_Handler) for SysTick_Handler
    startup_stm32f429_439xx.o(RESET) refers to stm32f4xx_it.o(i.DMA1_Stream6_IRQHandler) for DMA1_Stream6_IRQHandler
    startup_stm32f429_439xx.o(RESET) refers to stm32f4xx_it.o(i.USART1_IRQHandler) for USART1_IRQHandler
    startup_stm32f429_439xx.o(RESET) refers to stm32f4xx_it.o(i.USART2_IRQHandler) for USART2_IRQHandler
    startup_stm32f429_439xx.o(RESET) refers to lan8720.o(i.ETH_IRQHandler) for ETH_IRQHandler
    startup_stm32f429_439xx.o(RESET) refers to stm32f4xx_it.o(i.DMA2_Stream6_IRQHandler) for DMA2_Stream6_IRQHandler
    startup_stm32f429_439xx.o(RESET) refers to stm32f4xx_it.o(i.DMA2_Stream7_IRQHandler) for DMA2_Stream7_IRQHandler
    startup_stm32f429_439xx.o(RESET) refers to stm32f4xx_it.o(i.USART6_IRQHandler) for USART6_IRQHandler
    startup_stm32f429_439xx.o(.text) refers to system_stm32f4xx.o(i.SystemInit) for SystemInit
    startup_stm32f429_439xx.o(.text) refers to entry.o(.ARM.Collect$$$$00000000) for __main
    system_stm32f4xx.o(i.SystemCoreClockUpdate) refers to system_stm32f4xx.o(.data) for SystemCoreClock
    system_stm32f4xx.o(i.SystemInit) refers to system_stm32f4xx.o(i.SetSysClock) for SetSysClock
    stm32f4xx_adc.o(i.ADC_DeInit) refers to stm32f4xx_rcc.o(i.RCC_APB2PeriphResetCmd) for RCC_APB2PeriphResetCmd
    stm32f4xx_can.o(i.CAN_DeInit) refers to stm32f4xx_rcc.o(i.RCC_APB1PeriphResetCmd) for RCC_APB1PeriphResetCmd
    stm32f4xx_can.o(i.CAN_GetITStatus) refers to stm32f4xx_can.o(i.CheckITStatus) for CheckITStatus
    stm32f4xx_cryp.o(i.CRYP_DeInit) refers to stm32f4xx_rcc.o(i.RCC_AHB2PeriphResetCmd) for RCC_AHB2PeriphResetCmd
    stm32f4xx_cryp_aes.o(i.CRYP_AES_CBC) refers to stm32f4xx_cryp.o(i.CRYP_KeyStructInit) for CRYP_KeyStructInit
    stm32f4xx_cryp_aes.o(i.CRYP_AES_CBC) refers to stm32f4xx_cryp.o(i.CRYP_FIFOFlush) for CRYP_FIFOFlush
    stm32f4xx_cryp_aes.o(i.CRYP_AES_CBC) refers to stm32f4xx_cryp.o(i.CRYP_Init) for CRYP_Init
    stm32f4xx_cryp_aes.o(i.CRYP_AES_CBC) refers to stm32f4xx_cryp.o(i.CRYP_KeyInit) for CRYP_KeyInit
    stm32f4xx_cryp_aes.o(i.CRYP_AES_CBC) refers to stm32f4xx_cryp.o(i.CRYP_Cmd) for CRYP_Cmd
    stm32f4xx_cryp_aes.o(i.CRYP_AES_CBC) refers to stm32f4xx_cryp.o(i.CRYP_GetFlagStatus) for CRYP_GetFlagStatus
    stm32f4xx_cryp_aes.o(i.CRYP_AES_CBC) refers to stm32f4xx_cryp.o(i.CRYP_IVInit) for CRYP_IVInit
    stm32f4xx_cryp_aes.o(i.CRYP_AES_CBC) refers to stm32f4xx_cryp.o(i.CRYP_GetCmdStatus) for CRYP_GetCmdStatus
    stm32f4xx_cryp_aes.o(i.CRYP_AES_CBC) refers to stm32f4xx_cryp.o(i.CRYP_DataIn) for CRYP_DataIn
    stm32f4xx_cryp_aes.o(i.CRYP_AES_CBC) refers to stm32f4xx_cryp.o(i.CRYP_DataOut) for CRYP_DataOut
    stm32f4xx_cryp_aes.o(i.CRYP_AES_CCM) refers to stm32f4xx_cryp.o(i.CRYP_KeyStructInit) for CRYP_KeyStructInit
    stm32f4xx_cryp_aes.o(i.CRYP_AES_CCM) refers to stm32f4xx_cryp.o(i.CRYP_FIFOFlush) for CRYP_FIFOFlush
    stm32f4xx_cryp_aes.o(i.CRYP_AES_CCM) refers to stm32f4xx_cryp.o(i.CRYP_KeyInit) for CRYP_KeyInit
    stm32f4xx_cryp_aes.o(i.CRYP_AES_CCM) refers to stm32f4xx_cryp.o(i.CRYP_IVInit) for CRYP_IVInit
    stm32f4xx_cryp_aes.o(i.CRYP_AES_CCM) refers to stm32f4xx_cryp.o(i.CRYP_Init) for CRYP_Init
    stm32f4xx_cryp_aes.o(i.CRYP_AES_CCM) refers to stm32f4xx_cryp.o(i.CRYP_PhaseConfig) for CRYP_PhaseConfig
    stm32f4xx_cryp_aes.o(i.CRYP_AES_CCM) refers to stm32f4xx_cryp.o(i.CRYP_DataIn) for CRYP_DataIn
    stm32f4xx_cryp_aes.o(i.CRYP_AES_CCM) refers to stm32f4xx_cryp.o(i.CRYP_Cmd) for CRYP_Cmd
    stm32f4xx_cryp_aes.o(i.CRYP_AES_CCM) refers to stm32f4xx_cryp.o(i.CRYP_GetCmdStatus) for CRYP_GetCmdStatus
    stm32f4xx_cryp_aes.o(i.CRYP_AES_CCM) refers to stm32f4xx_cryp.o(i.CRYP_GetFlagStatus) for CRYP_GetFlagStatus
[...]
    sys_mbox_valid                           0x0801256d   Thumb Code    56  sys_arch.o(i.sys_mbox_valid)
    sys_sem_free                             0x080125a5   Thumb Code    52  sys_arch.o(i.sys_sem_free)
    sys_sem_new                              0x0801262d   Thumb Code    62  sys_arch.o(i.sys_sem_new)
    sys_sem_set_invalid                      0x080126d1   Thumb Code     6  sys_arch.o(i.sys_sem_set_invalid)
    sys_sem_signal                           0x080126d7   Thumb Code    12  sys_arch.o(i.sys_sem_signal)
    sys_sem_valid                            0x080126e3   Thumb Code    26  sys_arch.o(i.sys_sem_valid)
    sys_thread_new                           0x080126fd   Thumb Code    66  sys_arch.o(i.sys_thread_new)
    sys_timeout                              0x08012755   Thumb Code   174  timers.o(i.sys_timeout)
    sys_timeouts_init                        0x0801289d   Thumb Code    40  timers.o(i.sys_timeouts_init)
    sys_timeouts_mbox_fetch                  0x080128d1   Thumb Code   132  timers.o(i.sys_timeouts_mbox_fetch)
    sys_untimeout                            0x08012959   Thumb Code    90  timers.o(i.sys_untimeout)
    tcp_abandon                              0x080129b9   Thumb Code   178  tcp.o(i.tcp_abandon)
    tcp_abort                                0x08012b01   Thumb Code    14  tcp.o(i.tcp_abort)
    tcp_accept                               0x08012b0f   Thumb Code     6  tcp.o(i.tcp_accept)
    tcp_alloc                                0x08012b1d   Thumb Code   180  tcp.o(i.tcp_alloc)
    tcp_arg                                  0x08012be1   Thumb Code     6  tcp.o(i.tcp_arg)
    tcp_bind                                 0x08012be9   Thumb Code   174  tcp.o(i.tcp_bind)
    tcp_client_init                          0x08012d1d   Thumb Code   142  tcp_client_demo.o(i.tcp_client_init)
    tcp_close                                0x080130f5   Thumb Code    28  tcp.o(i.tcp_close)
    tcp_connect                              0x08013389   Thumb Code   368  tcp.o(i.tcp_connect)
    tcp_eff_send_mss                         0x0801364f   Thumb Code    46  tcp.o(i.tcp_eff_send_mss)
    tcp_enqueue_flags                        0x0801367d   Thumb Code   430  tcp_out.o(i.tcp_enqueue_flags)
    tcp_err                                  0x08013931   Thumb Code    40  tcp.o(i.tcp_err)
    tcp_fasttmr                              0x080139d5   Thumb Code   118  tcp.o(i.tcp_fasttmr)
    tcp_init                                 0x08013a59   Thumb Code     2  tcp.o(i.tcp_init)
    tcp_input                                0x08013a5d   Thumb Code  1754  tcp_in.o(i.tcp_input)
    tcp_keepalive                            0x08014161   Thumb Code    86  tcp_out.o(i.tcp_keepalive)
    tcp_listen_with_backlog                  0x080143c9   Thumb Code   258  tcp.o(i.tcp_listen_with_backlog)
    tcp_new                                  0x08014555   Thumb Code    10  tcp.o(i.tcp_new)
    tcp_next_iss                             0x080145cd   Thumb Code    20  tcp.o(i.tcp_next_iss)
    tcp_output                               0x080145e9   Thumb Code   546  tcp_out.o(i.tcp_output)
    tcp_pcb_purge                            0x08014c89   Thumb Code   216  tcp.o(i.tcp_pcb_purge)
    tcp_pcb_remove                           0x08014df5   Thumb Code   200  tcp.o(i.tcp_pcb_remove)
    tcp_poll                                 0x08014f49   Thumb Code    44  tcp.o(i.tcp_poll)
    tcp_process_refused_data                 0x080156dd   Thumb Code   168  tcp.o(i.tcp_process_refused_data)
    tcp_recv                                 0x08016139   Thumb Code    40  tcp.o(i.tcp_recv)
    tcp_recv_null                            0x080161dd   Thumb Code    46  tcp.o(i.tcp_recv_null)
    tcp_recved                               0x0801620d   Thumb Code   136  tcp.o(i.tcp_recved)
    tcp_rexmit                               0x08016335   Thumb Code   100  tcp_out.o(i.tcp_rexmit)
    tcp_rexmit_fast                          0x08016399   Thumb Code   126  tcp_out.o(i.tcp_rexmit_fast)
    tcp_rexmit_rto                           0x08016417   Thumb Code    62  tcp_out.o(i.tcp_rexmit_rto)
    tcp_rst                                  0x08016455   Thumb Code   156  tcp_out.o(i.tcp_rst)
    tcp_seg_free                             0x08016579   Thumb Code    26  tcp.o(i.tcp_seg_free)
    tcp_segs_free                            0x08016593   Thumb Code    24  tcp.o(i.tcp_segs_free)
    tcp_send_empty_ack                       0x080165ab   Thumb Code    88  tcp_out.o(i.tcp_send_empty_ack)
    tcp_send_fin                             0x08016603   Thumb Code    84  tcp_out.o(i.tcp_send_fin)
    tcp_sent                                 0x08016659   Thumb Code    40  tcp.o(i.tcp_sent)
    tcp_setprio                              0x080166fd   Thumb Code     4  tcp.o(i.tcp_setprio)
    tcp_shutdown                             0x08016701   Thumb Code   104  tcp.o(i.tcp_shutdown)
    tcp_slowtmr                              0x08016769   Thumb Code  1440  tcp.o(i.tcp_slowtmr)
    tcp_timer_needed                         0x08016d91   Thumb Code    38  timers.o(i.tcp_timer_needed)
    tcp_tmr                                  0x08016e7d   Thumb Code    30  tcp.o(i.tcp_tmr)
    tcp_update_rcv_ann_wnd                   0x08016ea1   Thumb Code   124  tcp.o(i.tcp_update_rcv_ann_wnd)
    tcp_write                                0x08016f8d   Thumb Code  1710  tcp_out.o(i.tcp_write)
    tcp_zero_window_probe                    0x08017851   Thumb Code   188  tcp_out.o(i.tcp_zero_window_probe)
    tcpip_apimsg                             0x0801790d   Thumb Code    60  tcpip.o(i.tcpip_apimsg)
    tcpip_init                               0x0801794d   Thumb Code    72  tcpip.o(i.tcpip_init)
    tcpip_input                              0x08017a2d   Thumb Code    76  tcpip.o(i.tcpip_input)
    udp_bind                                 0x08017c3d   Thumb Code   174  udp.o(i.udp_bind)
    udp_connect                              0x08017d51   Thumb Code   102  udp.o(i.udp_connect)
    udp_init                                 0x08017dbd   Thumb Code     2  udp.o(i.udp_init)
    udp_input                                0x08017dc1   Thumb Code   520  udp.o(i.udp_input)
    udp_new                                  0x08018051   Thumb Code    28  udp.o(i.udp_new)
    udp_recv                                 0x080180c9   Thumb Code     6  udp.o(i.udp_recv)
    udp_remove                               0x080180d1   Thumb Code    72  udp.o(i.udp_remove)
    udp_sendto_if                            0x0801811d   Thumb Code   264  udp.o(i.udp_sendto_if)
    memtblsize                               0x080182a8   Data          12  malloc.o(.constdata)
    memblksize                               0x080182b4   Data          12  malloc.o(.constdata)
    memsize                                  0x080182c0   Data          12  malloc.o(.constdata)
    Modbus_auchCRCHi                         0x080182cc   Data         256  commpro.o(.constdata)
    Modbus_auchCRCLo                         0x080183cc   Data         256  commpro.o(.constdata)
    RESERVATIONNUM                           0x080184dc   Data          32  severcomm.o(.constdata)
    file__image_head_jpg                     0x080316ff   Data          17  fs.o(.constdata)
    file__image_stm32_jpg                    0x08031710   Data          17  fs.o(.constdata)
    file__image_tab_jpg                      0x08031721   Data          17  fs.o(.constdata)
    file__404_html                           0x08031732   Data          17  fs.o(.constdata)
    file__index_html                         0x08031743   Data          17  fs.o(.constdata)
    file__STM32F407ADC_TEMPERATE_shtml       0x08031754   Data          17  fs.o(.constdata)
    file__STM32F407LED_OFF_BEEP_OFF_shtml    0x08031765   Data          17  fs.o(.constdata)
    file__STM32F407LED_OFF_BEEP_ON_shtml     0x08031776   Data          17  fs.o(.constdata)
    file__STM32F407LED_ON_BEEP_OFF_shtml     0x08031787   Data          17  fs.o(.constdata)
    file__STM32F407LED_ON_BEEP_ON_shtml      0x08031798   Data          17  fs.o(.constdata)
    file__STM32F407RTC_shtml                 0x080317a9   Data          17  fs.o(.constdata)
    g_psDefaultFilenames                     0x080317bc   Data          25  httpd.o(.constdata)
    g_pcTagLeadIn                            0x080317d8   Data           4  httpd.o(.constdata)
    g_pcTagLeadOut                           0x080317dc   Data           4  httpd.o(.constdata)
    TDIGpioBuf                               0x080317f0   Data          96  bsp_led.o(.constdata)
    UartxDmaInitBuf                          0x08031850   Data         381  uartdriver.o(.constdata)
    OSUnMapTbl                               0x080319cd   Data         256  os_core.o(.constdata)
    ethbroadcast                             0x08031acd   Data           6  etharp.o(.constdata)
    ethzero                                  0x08031ad3   Data           6  etharp.o(.constdata)
    ip_addr_any                              0x08031ad9   Data           4  ip_addr.o(.constdata)
    ip_addr_broadcast                        0x08031add   Data           4  ip_addr.o(.constdata)
    tcp_state_str                            0x08031b14   Data          44  tcp.o(.constdata)
    tcp_backoff                              0x08031b40   Data          13  tcp.o(.constdata)
    tcp_persist_backoff                      0x08031b4d   Data           7  tcp.o(.constdata)
    tcp_pcb_lists                            0x08031b54   Data          16  tcp.o(.constdata)
    pvNullPointer                            0x08031b64   Data           4  sys_arch.o(.constdata)
    Region$$Table$$Base                      0x08031e60   Number         0  anon$$obj.o(Region$$Table)
    Region$$Table$$Limit                     0x08031e80   Number         0  anon$$obj.o(Region$$Table)
    mem3base                                 0x10000000   Data       61440  malloc.o(.ARM.__AT_0x10000000)
    mem3mapbase                              0x1000f000   Data        3840  malloc.o(.ARM.__AT_0x1000F000)
    semFlag                                  0x20000010   Data           4  main.o(.data)
    semFlagErr                               0x20000014   Data           1  main.o(.data)
    DEBUGMESSAGE                             0x20000015   Data           1  main.o(.data)
    mallco_dev                               0x20000018   Data          36  malloc.o(.data)
    cmdfunsnametab                           0x200000e4   Data          42  severcomm.o(.data)
    dicidatatmp                              0x20000138   Data          50  lockcomm.o(.data)
    dicilen                                  0x2000016a   Data           2  lockcomm.o(.data)
    EthStatus                                0x2000016c   Data           4  lwip_comm.o(.data)
    lwipCoreErrReboot                        0x20000170   Data           1  lwip_comm.o(.data)
    DHCP_state                               0x20000171   Data           1  lwip_comm.o(.data)
    TCPIP_THREAD_TASK_STK                    0x20000174   Data           4  lwip_comm.o(.data)
    LWIP_DHCP_TASK_STK                       0x20000178   Data           4  lwip_comm.o(.data)
    g_pcSSIExtensions                        0x2000018c   Data          16  httpd.o(.data)
    g_pfnSSIHandler                          0x2000019c   Data           4  httpd.o(.data)
    g_iNumTags                               0x200001a0   Data           4  httpd.o(.data)
    g_ppcTags                                0x200001a4   Data           4  httpd.o(.data)
    g_pCGIs                                  0x200001a8   Data           4  httpd.o(.data)
    g_iNumCGIs                               0x200001ac   Data           4  httpd.o(.data)
    DATAPACKAGECOUNT                         0x200001cc   Data           4  stmflash.o(.data)
    USEVOLUMN                                0x200001d0   Data           4  stmflash.o(.data)
    OLDUSEVOLUMN                             0x200001d4   Data           4  stmflash.o(.data)
    pDatatemp                                0x200001d8   Data           4  stmflash.o(.data)
    rtcdata                                  0x200001e4   Data           6  rtc.o(.data)
    DMARxDscrTab                             0x200001ec   Data           4  lan8720.o(.data)
    DMATxDscrTab                             0x200001f0   Data           4  lan8720.o(.data)
    Rx_Buff                                  0x200001f4   Data           4  lan8720.o(.data)
    Tx_Buff                                  0x200001f8   Data           4  lan8720.o(.data)
    DMATxDescToSet                           0x200001fc   Data           4  stm32f4x7_eth.o(.data)
    DMARxDescToGet                           0x20000200   Data           4  stm32f4x7_eth.o(.data)
    DMA_RX_FRAME_infos                       0x20000204   Data           4  stm32f4x7_eth.o(.data)
    Frame_Rx_index                           0x20000208   Data           4  stm32f4x7_eth.o(.data)
    OSCtxSwCtr                               0x2000020c   Data           4  os_core.o(.data)
    OSEventFreeList                          0x20000210   Data           4  os_core.o(.data)
    OSFlagFreeList                           0x20000214   Data           4  os_core.o(.data)
    OSCPUUsage                               0x20000218   Data           1  os_core.o(.data)
    OSIdleCtrMax                             0x2000021c   Data           4  os_core.o(.data)
    OSIdleCtrRun                             0x20000220   Data           4  os_core.o(.data)
    OSStatRdy                                0x20000224   Data           1  os_core.o(.data)
    OSIntNesting                             0x20000225   Data           1  os_core.o(.data)
    OSLockNesting                            0x20000226   Data           1  os_core.o(.data)
    OSPrioCur                                0x20000227   Data           1  os_core.o(.data)
    OSPrioHighRdy                            0x20000228   Data           1  os_core.o(.data)
    OSRdyGrp                                 0x2000022a   Data           2  os_core.o(.data)
    OSRunning                                0x2000022c   Data           1  os_core.o(.data)
    OSTaskCtr                                0x2000022d   Data           1  os_core.o(.data)
    OSIdleCtr                                0x20000230   Data           4  os_core.o(.data)
    OSTCBCur                                 0x20000234   Data           4  os_core.o(.data)
    OSTCBFreeList                            0x20000238   Data           4  os_core.o(.data)
    OSTCBHighRdy                             0x2000023c   Data           4  os_core.o(.data)
    OSTCBList                                0x20000240   Data           4  os_core.o(.data)
    OSTickStepState                          0x20000244   Data           1  os_core.o(.data)
    OSQFreeList                              0x20000248   Data           4  os_core.o(.data)
    OSTaskRegNextAvailID                     0x2000024c   Data           1  os_core.o(.data)
    OSTime                                   0x20000250   Data           4  os_core.o(.data)
    OS_CPU_ExceptStkBase                     0x20000254   Data           4  os_cpu_c.o(.data)
    current_netif                            0x2000025c   Data           4  ip.o(.data)
    current_header                           0x20000260   Data           4  ip.o(.data)
    current_iphdr_src                        0x20000264   Data           4  ip.o(.data)
    current_iphdr_dest                       0x20000268   Data           4  ip.o(.data)
    ram_heap                                 0x20000274   Data           4  mem.o(.data)
    memp_memory                              0x200002b8   Data           4  memp.o(.data)
    netif_list                               0x200002bc   Data           4  netif.o(.data)
    netif_default                            0x200002c0   Data           4  netif.o(.data)
    tcp_ticks                                0x200002d0   Data           4  tcp.o(.data)
    tcp_bound_pcbs                           0x200002d4   Data           4  tcp.o(.data)
    tcp_listen_pcbs                          0x200002d8   Data           4  tcp.o(.data)
    tcp_active_pcbs                          0x200002dc   Data           4  tcp.o(.data)
    tcp_tw_pcbs                              0x200002e0   Data           4  tcp.o(.data)
    tcp_tmp_pcb                              0x200002e4   Data           4  tcp.o(.data)
    tcp_active_pcbs_changed                  0x200002e8   Data           1  tcp.o(.data)
    tcp_input_pcb                            0x2000030c   Data           4  tcp_in.o(.data)
    udp_pcbs                                 0x2000031c   Data           4  udp.o(.data)
    __stdout                                 0x2000032c   Data           4  stdout.o(.data)
    __microlib_freelist                      0x20000330   Data           4  mvars.o(.data)
    __microlib_freelist_initialised          0x20000334   Data           4  mvars.o(.data)
    STK_RUN_TASK                             0x20000338   Data         256  main.o(.bss)
    mem1base                                 0x20000440   Data       102400  malloc.o(.bss)
    mem1mapbase                              0x20019440   Data        6400  malloc.o(.bss)
    LockCommDataBuf                          0x2001ad40   Data         280  commpro.o(.bss)
    gLockSendData                            0x2001ae58   Data        1008  commpro.o(.bss)
    gSeverSendComm                           0x2001b268   Data        1008  severcomm.o(.bss)
    gLockCommTaskStk                         0x2001bc48   Data         256  lockcomm.o(.bss)
    gCharging485TaskStk                      0x2001bd48   Data        1024  lockcomm.o(.bss)
    DICITaskStk                              0x2001c148   Data        1024  lockcomm.o(.bss)
    lwipdev                                  0x2001c548   Data          23  lwip_comm.o(.bss)
    lwip_netif                               0x2001c55f   Data          53  lwip_comm.o(.bss)
    TCPCLIENT_TASK_STK                       0x2001c594   Data         256  tcp_client_demo.o(.bss)
    TCPCLIENTM_TASK_STK                      0x2001c694   Data         256  tcp_client_demo.o(.bss)
    STK_SERVER_COMM_SEND                     0x2001c794   Data         256  tcp_client_demo.o(.bss)
    STK_SERVER_COMM_RECVE                    0x2001c894   Data         256  tcp_client_demo.o(.bss)
    fs_memory                                0x2001e8fc   Data         180  fs.o(.bss)
    Sem_UART_Rx_Buf                          0x2001edb0   Data          20  uartdriver.o(.bss)
    Sem_UART_Tx_Buf                          0x2001edc4   Data          20  uartdriver.o(.bss)
    datatable                                0x20023cd4   Data         640  stmflash.o(.bss)
    RX_Frame_Descriptor                      0x20023f54   Data          12  stm32f4x7_eth.o(.bss)
    OSEventTbl                               0x20023f60   Data        2880  os_core.o(.bss)
    OSFlagTbl                                0x20024aa0   Data         160  os_core.o(.bss)
    OSTaskStatStk                            0x20024b40   Data         512  os_core.o(.bss)
    OSRdyTbl                                 0x20024d40   Data          32  os_core.o(.bss)
    OSTaskIdleStk                            0x20024d60   Data         512  os_core.o(.bss)
    OSTCBPrioTbl                             0x20024f60   Data        1020  os_core.o(.bss)
    OSTCBTbl                                 0x2002535c   Data        2944  os_core.o(.bss)
    OSQTbl                                   0x20025edc   Data         240  os_core.o(.bss)
    OS_CPU_ExceptStk                         0x20025fcc   Data         512  os_cpu_c.o(.bss)
    dhcp_rx_options_val                      0x20026294   Data          40  dhcp.o(.bss)
    dhcp_rx_options_given                    0x200262bc   Data          10  dhcp.o(.bss)
    __heap_base                              0x20026310   Data           0  startup_stm32f429_439xx.o(HEAP)
    __heap_limit                             0x20026b10   Data           0  startup_stm32f429_439xx.o(HEAP)
    __initial_sp                             0x2002ab10   Data           0  startup_stm32f429_439xx.o(STACK)
    mem2base                                 0xc01f4000   Data       29605888  malloc.o(.ARM.__AT_0xC01F4000)
    mem2mapbase                              0xc1e30000   Data       1850368  malloc.o(.ARM.__AT_0xC1E30000)



==============================================================================

Memory Map of the image

  Image Entry point : 0x080001ad

  Load Region LR_IROM1 (Base: 0x08000000, Size: 0x000321b8, Max: 0x00100000, ABSOLUTE, COMPRESSED[0x00031f54])

    Execution Region ER_IROM1 (Base: 0x08000000, Size: 0x00031e80, Max: 0x00100000, ABSOLUTE)

    Base Addr    Size         Type   Attr      Idx    E Section Name        Object

    0x08000000   0x000001ac   Data   RO            3    RESET               startup_stm32f429_439xx.o
    0x080001ac   0x00000000   Code   RO        12341  * .ARM.Collect$$$$00000000  mc_w.l(entry.o)
    0x080001ac   0x00000004   Code   RO        12683    .ARM.Collect$$$$00000001  mc_w.l(entry2.o)
    0x080001b0   0x00000004   Code   RO        12686    .ARM.Collect$$$$00000004  mc_w.l(entry5.o)
    0x080001b4   0x00000000   Code   RO        12688    .ARM.Collect$$$$00000008  mc_w.l(entry7b.o)
    0x080001b4   0x00000000   Code   RO        12690    .ARM.Collect$$$$0000000A  mc_w.l(entry8b.o)
    0x080001b4   0x00000008   Code   RO        12691    .ARM.Collect$$$$0000000B  mc_w.l(entry9a.o)
    0x080001bc   0x00000000   Code   RO        12693    .ARM.Collect$$$$0000000D  mc_w.l(entry10a.o)
    0x080001bc   0x00000000   Code   RO        12695    .ARM.Collect$$$$0000000F  mc_w.l(entry11a.o)
    0x080001bc   0x00000004   Code   RO        12684    .ARM.Collect$$$$00002712  mc_w.l(entry2.o)
    0x080001c0   0x00000024   Code   RO            4    .text               startup_stm32f429_439xx.o
    0x080001e4   0x000000dc   Code   RO         9516    .text               os_cpu_a.o
    0x080002c0   0x00000024   Code   RO        12374    .text               mc_w.l(memcpya.o)
    0x080002e4   0x00000024   Code   RO        12376    .text               mc_w.l(memseta.o)
    0x08000308   0x00000024   Code   RO        12378    .text               mc_w.l(strstr.o)
    0x0800032c   0x00000014   Code   RO        12380    .text               mc_w.l(strchr.o)
    0x08000340   0x0000000e   Code   RO        12382    .text               mc_w.l(strlen.o)
    0x0800034e   0x0000001c   Code   RO        12384    .text               mc_w.l(strcmp.o)
    0x0800036a   0x0000001a   Code   RO        12386    .text               mc_w.l(memcmp.o)
    0x08000384   0x00000012   Code   RO        12388    .text               mc_w.l(strcpy.o)
    0x08000396   0x0000001e   Code   RO        12390    .text               mc_w.l(strncmp.o)
    0x080003b4   0x0000002c   Code   RO        12698    .text               mc_w.l(uidiv.o)
    0x080003e0   0x00000024   Code   RO        12717    .text               mc_w.l(init.o)
    0x08000404   0x00000056   Code   RO        12731    .text               mc_w.l(__dczerorl2.o)
    0x0800045a   0x0000007e   Code   RO         6931    i.ADC_Handler       httpd_cgi_ssi.o
    0x080004d8   0x00000170   Code   RO         6932    i.BEEP_CGI_Handler  httpd_cgi_ssi.o
    0x08000648   0x00000004   Code   RO         5331    i.BusFault_Handler  stm32f4xx_it.o
    0x0800064c   0x0000002c   Code   RO         6269    i.Charging485_Task  lockcomm.o
    0x08000678   0x000001f0   Code   RO         5820    i.ChargingPileMessageDeal  severcomm.o
    0x08000868   0x0000011c   Code   RO         5821    i.ChargingPileUploadMessage  severcomm.o
    0x08000984   0x00000400   Code   RO         6270    i.CmdDeal           lockcomm.o
    0x08000d84   0x0000014c   Code   RO         6271    i.ConfigIp          lockcomm.o
    0x08000ed0   0x00000394   Code   RO         7124    i.ConfigurationLoaded  stmflash.o
    0x08001264   0x0000002c   Code   RO         6272    i.Creat_Lock_Comm_Task  lockcomm.o
    0x08001290   0x00000058   Code   RO         5822    i.DICIDataPackage   severcomm.o
    0x080012e8   0x00000068   Code   RO         7015    i.DI_Read           bsp_led.o
    0x08001350   0x00000028   Code   RO         5332    i.DMA1_Stream6_IRQHandler  stm32f4xx_it.o
    0x08001378   0x00000028   Code   RO         5333    i.DMA2_Stream6_IRQHandler  stm32f4xx_it.o
    0x080013a0   0x00000028   Code   RO         5334    i.DMA2_Stream7_IRQHandler  stm32f4xx_it.o
    0x080013c8   0x00000034   Code   RO         1223    i.DMA_ClearFlag     stm32f4xx_dma.o
    0x080013fc   0x00000016   Code   RO         1225    i.DMA_Cmd           stm32f4xx_dma.o
    0x08001412   0x00000002   PAD
    0x08001414   0x00000158   Code   RO         1226    i.DMA_DeInit        stm32f4xx_dma.o
    0x0800156c   0x00000008   Code   RO         1231    i.DMA_GetCurrDataCounter  stm32f4xx_dma.o
    0x08001574   0x00000064   Code   RO         1235    i.DMA_GetITStatus   stm32f4xx_dma.o
    0x080015d8   0x0000003a   Code   RO         1236    i.DMA_ITConfig      stm32f4xx_dma.o
    0x08001612   0x00000002   PAD
    0x08001614   0x00000058   Code   RO         1237    i.DMA_Init          stm32f4xx_dma.o
    0x0800166c   0x00000004   Code   RO         1240    i.DMA_SetCurrDataCounter  stm32f4xx_dma.o
    0x08001670   0x00000010   Code   RO         6228    i.DataConversionU16  chargingpiletouppercomputer.o
    0x08001680   0x0000001a   Code   RO         6229    i.DataConversionU32  chargingpiletouppercomputer.o
    0x0800169a   0x00000002   PAD
    0x0800169c   0x000000e0   Code   RO         7125    i.DataRead          stmflash.o
    0x0800177c   0x0000029c   Code   RO         7126    i.DataStore         stmflash.o
    0x08001a18   0x000001a0   Code   RO         7127    i.DataWrite         stmflash.o
    0x08001bb8   0x00000002   Code   RO         5335    i.DebugMon_Handler  stm32f4xx_it.o
    0x08001bba   0x00000002   PAD
    0x08001bbc   0x0000000c   Code   RO         7369    i.ETH_DMAClearITPendingBit  stm32f4x7_eth.o
    0x08001bc8   0x00000020   Code   RO         7370    i.ETH_DMAITConfig   stm32f4x7_eth.o
    0x08001be8   0x00000024   Code   RO         7371    i.ETH_DMAReceptionCmd  stm32f4x7_eth.o
    0x08001c0c   0x00000064   Code   RO         7372    i.ETH_DMARxDescChainInit  stm32f4x7_eth.o
    0x08001c70   0x00000024   Code   RO         7374    i.ETH_DMATransmissionCmd  stm32f4x7_eth.o
    0x08001c94   0x00000050   Code   RO         7377    i.ETH_DMATxDescChainInit  stm32f4x7_eth.o
    0x08001ce4   0x00000008   Code   RO         7378    i.ETH_DMATxDescChecksumInsertionConfig  stm32f4x7_eth.o
    0x08001cec   0x00000028   Code   RO         7383    i.ETH_DeInit        stm32f4x7_eth.o
    0x08001d14   0x0000001c   Code   RO         7384    i.ETH_Delay         stm32f4x7_eth.o
    0x08001d30   0x00000014   Code   RO         7386    i.ETH_FlushTransmitFIFO  stm32f4x7_eth.o
    0x08001d44   0x0000000c   Code   RO         7274    i.ETH_GetCurrentTxBuffer  lan8720.o
    0x08001d50   0x0000000a   Code   RO         7398    i.ETH_GetDMARxDescFrameLength  stm32f4x7_eth.o
    0x08001d5a   0x0000002a   Code   RO         7411    i.ETH_GetRxPktSize  stm32f4x7_eth.o
    0x08001d84   0x00000018   Code   RO         7412    i.ETH_GetSoftwareResetStatus  stm32f4x7_eth.o
    0x08001d9c   0x00000030   Code   RO         7275    i.ETH_IRQHandler    lan8720.o
    0x08001dcc   0x0000029c   Code   RO         7417    i.ETH_Init          stm32f4x7_eth.o
    0x08002068   0x00000034   Code   RO         7419    i.ETH_MACAddressConfig  stm32f4x7_eth.o
    0x0800209c   0x00000098   Code   RO         7276    i.ETH_MACDMA_Config  lan8720.o
    0x08002134   0x00000024   Code   RO         7424    i.ETH_MACReceptionCmd  stm32f4x7_eth.o
    0x08002158   0x00000024   Code   RO         7425    i.ETH_MACTransmissionCmd  stm32f4x7_eth.o
    0x0800217c   0x0000003c   Code   RO         7277    i.ETH_Mem_Free      lan8720.o
    0x080021b8   0x0000006c   Code   RO         7278    i.ETH_Mem_Malloc    lan8720.o
    0x08002224   0x0000006c   Code   RO         7437    i.ETH_ReadPHYRegister  stm32f4x7_eth.o
    0x08002290   0x0000009c   Code   RO         7279    i.ETH_Rx_Packet     lan8720.o
    0x0800232c   0x00000014   Code   RO         7445    i.ETH_SoftwareReset  stm32f4x7_eth.o
    0x08002340   0x00000020   Code   RO         7446    i.ETH_Start         stm32f4x7_eth.o
    0x08002360   0x000000b2   Code   RO         7447    i.ETH_StructInit    stm32f4x7_eth.o
    0x08002412   0x00000002   PAD
    0x08002414   0x00000068   Code   RO         7280    i.ETH_Tx_Packet     lan8720.o
    0x0800247c   0x00000068   Code   RO         7449    i.ETH_WritePHYRegister  stm32f4x7_eth.o
    0x080024e4   0x0000000c   Code   RO         6274    i.Enable485PressureDebug  lockcomm.o
    0x080024f0   0x00000024   Code   RO         1554    i.FLASH_DataCacheCmd  stm32f4xx_flash.o
    0x08002514   0x00000088   Code   RO         1559    i.FLASH_EraseSector  stm32f4xx_flash.o
    0x0800259c   0x00000054   Code   RO         1561    i.FLASH_GetStatus   stm32f4xx_flash.o
    0x080025f0   0x00000014   Code   RO         1565    i.FLASH_Lock        stm32f4xx_flash.o
    0x08002604   0x00000050   Code   RO         1589    i.FLASH_ProgramWord  stm32f4xx_flash.o
    0x08002654   0x00000024   Code   RO         1591    i.FLASH_Unlock      stm32f4xx_flash.o
    0x08002678   0x00000022   Code   RO         1592    i.FLASH_WaitForLastOperation  stm32f4xx_flash.o
    0x0800269a   0x0000002c   Code   RO         6933    i.FindCGIParameter  httpd_cgi_ssi.o
    0x080026c6   0x00000040   Code   RO         5625    i.GPIO_AF_Set       sys.o
    0x08002706   0x00000090   Code   RO         2049    i.GPIO_Init         stm32f4xx_gpio.o
    0x08002796   0x00000046   Code   RO         2050    i.GPIO_PinAFConfig  stm32f4xx_gpio.o
    0x080027dc   0x00000004   Code   RO         2056    i.GPIO_ResetBits    stm32f4xx_gpio.o
    0x080027e0   0x000000de   Code   RO         5626    i.GPIO_Set          sys.o
    0x080028be   0x00000004   Code   RO         2057    i.GPIO_SetBits      stm32f4xx_gpio.o
    0x080028c2   0x00000002   PAD
    0x080028c4   0x0000000c   Code   RO         5823    i.GetChargingPileCmd  severcomm.o
    0x080028d0   0x00000008   Code   RO         5824    i.GetChargingPileHandle  severcomm.o
    0x080028d8   0x00000138   Code   RO         6348    i.GetIpMessage      lwip_comm.o
    0x08002a10   0x00000008   Code   RO         6540    i.GetMirroringAddrHandle  tcp_client_demo.o
    0x08002a18   0x00000048   Code   RO         6541    i.GetNetData        tcp_client_demo.o
    0x08002a60   0x00000028   Code   RO         6543    i.GetNetDataForServer  tcp_client_demo.o
    0x08002a88   0x00000008   Code   RO         6544    i.GetRemoteAddrHandle  tcp_client_demo.o
    0x08002a90   0x00000038   Code   RO         7054    i.Get_Uartx_Port_Fram  uartdriver.o
    0x08002ac8   0x0000002c   Code   RO         5336    i.HardFault_Handler  stm32f4xx_it.o
    0x08002af4   0x00000050   Code   RO         7942    i.IIC_Ack           myiic.o
    0x08002b44   0x00000050   Code   RO         7944    i.IIC_NAck          myiic.o
    0x08002b94   0x0000006c   Code   RO         7945    i.IIC_Read_Byte     myiic.o
    0x08002c00   0x00000068   Code   RO         7946    i.IIC_Send_Byte     myiic.o
    0x08002c68   0x0000004c   Code   RO         7947    i.IIC_Start         myiic.o
    0x08002cb4   0x0000004c   Code   RO         7948    i.IIC_Stop          myiic.o
    0x08002d00   0x00000060   Code   RO         7949    i.IIC_Wait_Ack      myiic.o
    0x08002d60   0x000004ac   Code   RO         7055    i.Init_Uartx        uartdriver.o
    0x0800320c   0x00000020   Code   RO         6275    i.IpDataChange      lockcomm.o
    0x0800322c   0x00000054   Code   RO         7056    i.Irq_Uart_Dma_Tx   uartdriver.o
    0x08003280   0x000000f0   Code   RO         7057    i.Irq_Uart_Rx_End   uartdriver.o
    0x08003370   0x00000012   Code   RO         7058    i.Irq_Uartx_Handler  uartdriver.o
    0x08003382   0x00000002   PAD
    0x08003384   0x00000140   Code   RO         7282    i.LAN8720_Init      lan8720.o
    0x080034c4   0x00000170   Code   RO         6934    i.LEDS_CGI_Handler  httpd_cgi_ssi.o
    0x08003634   0x00000084   Code   RO         7016    i.LED_GPIO_Config   bsp_led.o
    0x080036b8   0x00000038   Code   RO         5761    i.Lock_Comm_Data_Buf_Init  commpro.o
    0x080036f0   0x00000040   Code   RO         6276    i.Lock_Comm_Task    lockcomm.o
    0x08003730   0x00000078   Code   RO         5629    i.MY_NVIC_Init      sys.o
    0x080037a8   0x00000028   Code   RO         5630    i.MY_NVIC_PriorityGroupConfig  sys.o
    0x080037d0   0x00000010   Code   RO         5631    i.MY_NVIC_SetVectorTable  sys.o
    0x080037e0   0x00000004   Code   RO         5337    i.MemManage_Handler  stm32f4xx_it.o
    0x080037e4   0x00000038   Code   RO         5763    i.Modbus_CRC16      commpro.o
    0x0800381c   0x00000010   Code   RO         6349    i.NET_LINK_STATUS   lwip_comm.o
    0x0800382c   0x00000002   Code   RO         5338    i.NMI_Handler       stm32f4xx_it.o
    0x0800382e   0x00000002   PAD
    0x08003830   0x00000078   Code   RO          167    i.NVIC_Init         misc.o
    0x080038a8   0x0000000c   Code   RO         5825    i.NetLockOff        severcomm.o
    0x080038b4   0x0000000c   Code   RO         5826    i.NetLockOn         severcomm.o
    0x080038c0   0x0000001c   Code   RO         6545    i.NetReady          tcp_client_demo.o
    0x080038dc   0x00000058   Code   RO         8847    i.OSEventNameSet    os_core.o
    0x08003934   0x00000064   Code   RO         9058    i.OSFlagCreate      os_flag.o
    0x08003998   0x00000254   Code   RO         9062    i.OSFlagPend        os_flag.o
    0x08003bec   0x00000140   Code   RO         9064    i.OSFlagPost        os_flag.o
    0x08003d2c   0x0000002c   Code   RO         8849    i.OSInit            os_core.o
    0x08003d58   0x00000030   Code   RO         9522    i.OSInitHookBegin   os_cpu_c.o
    0x08003d88   0x00000002   Code   RO         9523    i.OSInitHookEnd     os_cpu_c.o
    0x08003d8a   0x00000002   PAD
    0x08003d8c   0x00000024   Code   RO         8850    i.OSIntEnter        os_core.o
    0x08003db0   0x00000090   Code   RO         8851    i.OSIntExit         os_core.o
    0x08003e40   0x000000a0   Code   RO         9247    i.OSQCreate         os_q.o
    0x08003ee0   0x00000104   Code   RO         9248    i.OSQDel            os_q.o
    0x08003fe4   0x00000124   Code   RO         9250    i.OSQPend           os_q.o
    0x08004108   0x00000072   Code   RO         9252    i.OSQPost           os_q.o
    0x0800417a   0x00000062   Code   RO         9255    i.OSQQuery          os_q.o
    0x080041dc   0x00000040   Code   RO         8852    i.OSSchedLock       os_core.o
    0x0800421c   0x00000060   Code   RO         8853    i.OSSchedUnlock     os_core.o
    0x0800427c   0x00000054   Code   RO         9319    i.OSSemCreate       os_sem.o
    0x080042d0   0x000000e0   Code   RO         9320    i.OSSemDel          os_sem.o
    0x080043b0   0x000000f0   Code   RO         9321    i.OSSemPend         os_sem.o
    0x080044a0   0x00000058   Code   RO         9323    i.OSSemPost         os_sem.o
    0x080044f8   0x0000004c   Code   RO         9324    i.OSSemQuery        os_sem.o
    0x08004544   0x00000048   Code   RO         8854    i.OSStart           os_core.o
    0x0800458c   0x00000002   Code   RO         9524    i.OSTCBInitHook     os_cpu_c.o
    0x0800458e   0x00000002   PAD
    0x08004590   0x000000a0   Code   RO         9373    i.OSTaskCreate      os_task.o
    0x08004630   0x000000b8   Code   RO         9374    i.OSTaskCreateExt   os_task.o
    0x080046e8   0x00000002   Code   RO         9525    i.OSTaskCreateHook  os_cpu_c.o
    0x080046ea   0x00000002   PAD
    0x080046ec   0x00000164   Code   RO         9375    i.OSTaskDel         os_task.o
    0x08004850   0x00000002   Code   RO         9526    i.OSTaskDelHook     os_cpu_c.o
    0x08004852   0x00000002   Code   RO         9527    i.OSTaskIdleHook    os_cpu_c.o
    0x08004854   0x00000070   Code   RO         9378    i.OSTaskNameSet     os_task.o
    0x080048c4   0x00000002   Code   RO         9528    i.OSTaskReturnHook  os_cpu_c.o
    0x080048c6   0x00000002   Code   RO         9529    i.OSTaskStatHook    os_cpu_c.o
    0x080048c8   0x00000088   Code   RO         9384    i.OSTaskStkChk      os_task.o
    0x08004950   0x00000228   Code   RO         9530    i.OSTaskStkInit     os_cpu_c.o
    0x08004b78   0x000000ac   Code   RO         9385    i.OSTaskSuspend     os_task.o
    0x08004c24   0x00000038   Code   RO         9531    i.OSTaskSwHook      os_cpu_c.o
    0x08004c5c   0x0000007c   Code   RO         9474    i.OSTimeDly         os_time.o
    0x08004cd8   0x0000001c   Code   RO         9477    i.OSTimeGet         os_time.o
    0x08004cf4   0x000000f0   Code   RO         8856    i.OSTimeTick        os_core.o
    0x08004de4   0x00000002   Code   RO         9532    i.OSTimeTickHook    os_cpu_c.o
    0x08004de6   0x00000002   Code   RO         8858    i.OS_Dummy          os_core.o
    0x08004de8   0x000000c4   Code   RO         8859    i.OS_EventTaskRdy   os_core.o
    0x08004eac   0x00000030   Code   RO         8860    i.OS_EventTaskRemove  os_core.o
    0x08004edc   0x0000003c   Code   RO         8861    i.OS_EventTaskRemoveMulti  os_core.o
    0x08004f18   0x00000080   Code   RO         8862    i.OS_EventTaskWait  os_core.o
    0x08004f98   0x0000001e   Code   RO         8864    i.OS_EventWaitListInit  os_core.o
    0x08004fb6   0x00000002   PAD
    0x08004fb8   0x000000a8   Code   RO         9066    i.OS_FlagBlock      os_flag.o
    0x08005060   0x00000058   Code   RO         9067    i.OS_FlagInit       os_flag.o
    0x080050b8   0x00000064   Code   RO         9068    i.OS_FlagTaskRdy    os_flag.o
    0x0800511c   0x00000024   Code   RO         9069    i.OS_FlagUnlink     os_flag.o
    0x08005140   0x00000060   Code   RO         8865    i.OS_InitEventList  os_core.o
    0x080051a0   0x0000005c   Code   RO         8866    i.OS_InitMisc       os_core.o
    0x080051fc   0x00000048   Code   RO         8867    i.OS_InitRdyList    os_core.o
    0x08005244   0x00000080   Code   RO         8868    i.OS_InitTCBList    os_core.o
    0x080052c4   0x00000050   Code   RO         8869    i.OS_InitTaskIdle   os_core.o
    0x08005314   0x00000050   Code   RO         8870    i.OS_InitTaskStat   os_core.o
    0x08005364   0x00000012   Code   RO         8871    i.OS_MemClr         os_core.o
    0x08005376   0x00000002   PAD
    0x08005378   0x00000050   Code   RO         9256    i.OS_QInit          os_q.o
    0x080053c8   0x00000074   Code   RO         8873    i.OS_Sched          os_core.o
    0x0800543c   0x00000060   Code   RO         8874    i.OS_SchedNew       os_core.o
    0x0800549c   0x00000148   Code   RO         8876    i.OS_TCBInit        os_core.o
    0x080055e4   0x00000028   Code   RO         8877    i.OS_TaskIdle       os_core.o
    0x0800560c   0x00000018   Code   RO         9386    i.OS_TaskReturn     os_task.o
    0x08005624   0x000000a0   Code   RO         8878    i.OS_TaskStat       os_core.o
    0x080056c4   0x0000003c   Code   RO         8879    i.OS_TaskStatStkChk  os_core.o
    0x08005700   0x0000001a   Code   RO         9387    i.OS_TaskStkClr     os_task.o
    0x0800571a   0x00000022   Code   RO         7896    i.PCF8574_ReadOneByte  pcf8574.o
    0x0800573c   0x00000026   Code   RO         7897    i.PCF8574_WriteBit  pcf8574.o
    0x08005762   0x00000028   Code   RO         7898    i.PCF8574_WriteOneByte  pcf8574.o
    0x0800578a   0x00000002   PAD
    0x0800578c   0x0000000c   Code   RO         2816    i.PWR_BackupAccessCmd  stm32f4xx_pwr.o
    0x08005798   0x00000044   Code   RO         6546    i.PrintMirroringAddr  tcp_client_demo.o
    0x080057dc   0x00000040   Code   RO         6547    i.PrintRemoteAddr   tcp_client_demo.o
    0x0800581c   0x00000020   Code   RO         2963    i.RCC_AHB1PeriphClockCmd  stm32f4xx_rcc.o
    0x0800583c   0x00000020   Code   RO         2972    i.RCC_APB1PeriphClockCmd  stm32f4xx_rcc.o
    0x0800585c   0x00000020   Code   RO         2975    i.RCC_APB2PeriphClockCmd  stm32f4xx_rcc.o
    0x0800587c   0x000000e8   Code   RO         2984    i.RCC_GetClocksFreq  stm32f4xx_rcc.o
    0x08005964   0x00000040   Code   RO         2985    i.RCC_GetFlagStatus  stm32f4xx_rcc.o
    0x080059a4   0x0000000c   Code   RO         2995    i.RCC_LSICmd        stm32f4xx_rcc.o
    0x080059b0   0x0000000c   Code   RO         3007    i.RCC_RTCCLKCmd     stm32f4xx_rcc.o
    0x080059bc   0x0000003c   Code   RO         3008    i.RCC_RTCCLKConfig  stm32f4xx_rcc.o
    0x080059f8   0x0000005c   Code   RO         7059    i.RS485En           uartdriver.o
    0x08005a54   0x0000005a   Code   RO         6935    i.RTCTime_Handler   httpd_cgi_ssi.o
    0x08005aae   0x00000016   Code   RO         3370    i.RTC_Bcd2ToByte    stm32f4xx_rtc.o
    0x08005ac4   0x0000001c   Code   RO         3372    i.RTC_ByteToBcd2    stm32f4xx_rtc.o
    0x08005ae0   0x0000006c   Code   RO         7213    i.RTC_CLK_Config    rtc.o
    0x08005b4c   0x00000050   Code   RO         3382    i.RTC_EnterInitMode  stm32f4xx_rtc.o
    0x08005b9c   0x00000014   Code   RO         3383    i.RTC_ExitInitMode  stm32f4xx_rtc.o
    0x08005bb0   0x0000004c   Code   RO         3386    i.RTC_GetDate       stm32f4xx_rtc.o
    0x08005bfc   0x00000050   Code   RO         3391    i.RTC_GetTime       stm32f4xx_rtc.o
    0x08005c4c   0x00000064   Code   RO         3396    i.RTC_Init          stm32f4xx_rtc.o
    0x08005cb0   0x000000c8   Code   RO         3402    i.RTC_SetDate       stm32f4xx_rtc.o
    0x08005d78   0x000000d0   Code   RO         3403    i.RTC_SetTime       stm32f4xx_rtc.o
    0x08005e48   0x00000054   Code   RO         7215    i.RTC_TimeAndDate_Set  rtc.o
    0x08005e9c   0x000000e0   Code   RO         7216    i.RTC_TimeAndDate_Show  rtc.o
    0x08005f7c   0x00000060   Code   RO         3419    i.RTC_WaitForSynchro  stm32f4xx_rtc.o
    0x08005fdc   0x00000080   Code   RO         6936    i.RTCdate_Handler   httpd_cgi_ssi.o
    0x0800605c   0x000002cc   Code   RO         8010    i.SDRAM_Init        sdram.o
    0x08006328   0x00000048   Code   RO         8011    i.SDRAM_Send_Cmd    sdram.o
    0x08006370   0x00000044   Code   RO         6937    i.SSIHandler        httpd_cgi_ssi.o
    0x080063b4   0x000000a0   Code   RO         7128    i.STMFLASH_GetFlashSector  stmflash.o
    0x08006454   0x00000020   Code   RO         7129    i.STMFLASH_Read     stmflash.o
    0x08006474   0x00000006   Code   RO         7130    i.STMFLASH_ReadWord  stmflash.o
    0x0800647a   0x00000002   PAD
    0x0800647c   0x00000098   Code   RO         7131    i.STMFLASH_Write    stmflash.o
    0x08006514   0x00000002   Code   RO         5339    i.SVC_Handler       stm32f4xx_it.o
    0x08006516   0x00000002   PAD
    0x08006518   0x00000390   Code   RO         6230    i.SendAckToUpperComputer  chargingpiletouppercomputer.o
    0x080068a8   0x0000005c   Code   RO         6548    i.SendNetData       tcp_client_demo.o
    0x08006904   0x00000018   Code   RO         6550    i.SendNetDataToServer  tcp_client_demo.o
    0x0800691c   0x000000b4   Code   RO         5828    i.Server_Comm_Recve_Task  severcomm.o
    0x080069d0   0x00000054   Code   RO         5829    i.Server_Comm_Send_Task  severcomm.o
    0x08006a24   0x00000006   Code   RO         5832    i.Server_Rev_Ack_Deal  severcomm.o
    0x08006a2a   0x00000014   Code   RO         5833    i.Server_Rev_Cmd_Deal  severcomm.o
    0x08006a3e   0x00000002   PAD
    0x08006a40   0x000000f0   Code   RO         5834    i.Server_Rev_Comm_Deal  severcomm.o
    0x08006b30   0x0000000c   Code   RO         5835    i.SetChargingPileCmd  severcomm.o
    0x08006b3c   0x00000058   Code   RO         6551    i.SetMirroringIp    tcp_client_demo.o
    0x08006b94   0x0000003c   Code   RO         6552    i.SetMirroringPort  tcp_client_demo.o
    0x08006bd0   0x00000058   Code   RO         6553    i.SetRemoteIp       tcp_client_demo.o
    0x08006c28   0x0000003c   Code   RO         6554    i.SetRemotePort     tcp_client_demo.o
    0x08006c64   0x00000120   Code   RO           13    i.SetSysClock       system_stm32f4xx.o
    0x08006d84   0x00000052   Code   RO         7132    i.SpaceScale        stmflash.o
    0x08006dd6   0x00000002   PAD
    0x08006dd8   0x00000068   Code   RO         5632    i.Stm32_Clock_Init  sys.o
    0x08006e40   0x00000074   Code   RO         5836    i.StructureHEATDataPackage  severcomm.o
    0x08006eb4   0x00000050   Code   RO         5837    i.StructureLoginDataPackage  severcomm.o
    0x08006f04   0x00000260   Code   RO         5838    i.StructureStateDataPackage  severcomm.o
    0x08007164   0x0000001c   Code   RO         5535    i.SysTick_Handler   delay.o
    0x08007180   0x0000010c   Code   RO         5633    i.Sys_Clock_Set     sys.o
    0x0800728c   0x00000068   Code   RO           15    i.SystemInit        system_stm32f4xx.o
    0x080072f4   0x000000f4   Code   RO         5164    i.System_Run        main.o
    0x080073e8   0x0000008a   Code   RO         6938    i.Temperate_Handler  httpd_cgi_ssi.o
    0x08007472   0x00000002   PAD
    0x08007474   0x00000028   Code   RO         5340    i.USART1_IRQHandler  stm32f4xx_it.o
    0x0800749c   0x00000028   Code   RO         5341    i.USART2_IRQHandler  stm32f4xx_it.o
    0x080074c4   0x00000028   Code   RO         5342    i.USART6_IRQHandler  stm32f4xx_it.o
    0x080074ec   0x00000018   Code   RO         4910    i.USART_Cmd         stm32f4xx_usart.o
    0x08007504   0x00000012   Code   RO         4911    i.USART_DMACmd      stm32f4xx_usart.o
    0x08007516   0x00000054   Code   RO         4914    i.USART_GetITStatus  stm32f4xx_usart.o
    0x0800756a   0x0000004a   Code   RO         4916    i.USART_ITConfig    stm32f4xx_usart.o
    0x080075b4   0x000000d4   Code   RO         4917    i.USART_Init        stm32f4xx_usart.o
    0x08007688   0x000000c8   Code   RO         7060    i.Uart_Send_Data    uartdriver.o
    0x08007750   0x00000060   Code   RO         7061    i.Uartx_Tx_End      uartdriver.o
    0x080077b0   0x00000004   Code   RO         5343    i.UsageFault_Handler  stm32f4xx_it.o
    0x080077b4   0x0000003c   Code   RO         6555    i.WaitNetReady      tcp_client_demo.o
    0x080077f0   0x00000020   Code   RO        12483    i.__0printf$3       mc_w.l(printf3.o)
    0x08007810   0x0000000e   Code   RO        12725    i.__scatterload_copy  mc_w.l(handlers.o)
    0x0800781e   0x00000002   Code   RO        12726    i.__scatterload_null  mc_w.l(handlers.o)
    0x08007820   0x0000000e   Code   RO        12727    i.__scatterload_zeroinit  mc_w.l(handlers.o)
    0x0800782e   0x00000002   PAD
    0x08007830   0x000001b8   Code   RO        12490    i._printf_core      mc_w.l(printf3.o)
    0x080079e8   0x00000020   Code   RO        11268    i.arp_timer         timers.o
    0x08007a08   0x00000228   Code   RO         7133    i.dataStore         stmflash.o
    0x08007c30   0x0000005c   Code   RO         5536    i.delay_init        delay.o
    0x08007c8c   0x00000050   Code   RO         5537    i.delay_ms          delay.o
    0x08007cdc   0x00000008   Code   RO         5538    i.delay_osschedlock  delay.o
    0x08007ce4   0x00000008   Code   RO         5539    i.delay_osschedunlock  delay.o
    0x08007cec   0x0000000c   Code   RO         5540    i.delay_ostimedly   delay.o
    0x08007cf8   0x00000058   Code   RO         5541    i.delay_us          delay.o
    0x08007d50   0x000000b4   Code   RO        10156    i.dhcp_arp_reply    dhcp.o
    0x08007e04   0x000001d4   Code   RO        10157    i.dhcp_bind         dhcp.o
    0x08007fd8   0x00000048   Code   RO        10158    i.dhcp_check        dhcp.o
    0x08008020   0x00000058   Code   RO        10160    i.dhcp_coarse_tmr   dhcp.o
    0x08008078   0x00000308   Code   RO        10161    i.dhcp_create_msg   dhcp.o
    0x08008380   0x0000009c   Code   RO        10162    i.dhcp_decline      dhcp.o
    0x0800841c   0x0000013c   Code   RO        10163    i.dhcp_delete_msg   dhcp.o
    0x08008558   0x000000ec   Code   RO        10164    i.dhcp_discover     dhcp.o
    0x08008644   0x00000054   Code   RO        10165    i.dhcp_fine_tmr     dhcp.o
    0x08008698   0x00000090   Code   RO        10166    i.dhcp_handle_ack   dhcp.o
    0x08008728   0x0000003c   Code   RO        10167    i.dhcp_handle_nak   dhcp.o
    0x08008764   0x00000044   Code   RO        10168    i.dhcp_handle_offer  dhcp.o
    0x080087a8   0x000000a0   Code   RO        10171    i.dhcp_option       dhcp.o
    0x08008848   0x000000c8   Code   RO        10172    i.dhcp_option_byte  dhcp.o
    0x08008910   0x000000fc   Code   RO        10173    i.dhcp_option_long  dhcp.o
    0x08008a0c   0x000000a0   Code   RO        10174    i.dhcp_option_short  dhcp.o
    0x08008aac   0x00000184   Code   RO        10175    i.dhcp_option_trailer  dhcp.o
    0x08008c30   0x0000051a   Code   RO        10176    i.dhcp_parse_reply  dhcp.o
    0x0800914a   0x00000002   PAD
    0x0800914c   0x000000a0   Code   RO        10177    i.dhcp_rebind       dhcp.o
    0x080091ec   0x000000c4   Code   RO        10178    i.dhcp_reboot       dhcp.o
    0x080092b0   0x000001b4   Code   RO        10179    i.dhcp_recv         dhcp.o
    0x08009464   0x000000c4   Code   RO        10180    i.dhcp_release      dhcp.o
    0x08009528   0x0000009e   Code   RO        10181    i.dhcp_renew        dhcp.o
    0x080095c6   0x00000002   PAD
    0x080095c8   0x00000110   Code   RO        10182    i.dhcp_select       dhcp.o
    0x080096d8   0x00000012   Code   RO        10183    i.dhcp_set_state    dhcp.o
    0x080096ea   0x00000002   PAD
    0x080096ec   0x000001c8   Code   RO        10185    i.dhcp_start        dhcp.o
    0x080098b4   0x000000f0   Code   RO        10186    i.dhcp_stop         dhcp.o
    0x080099a4   0x00000028   Code   RO        10187    i.dhcp_t1_timeout   dhcp.o
    0x080099cc   0x00000028   Code   RO        10188    i.dhcp_t2_timeout   dhcp.o
    0x080099f4   0x000000c4   Code   RO        10189    i.dhcp_timeout      dhcp.o
    0x08009ab8   0x00000020   Code   RO        11269    i.dhcp_timer_coarse  timers.o
    0x08009ad8   0x00000020   Code   RO        11270    i.dhcp_timer_fine   timers.o
    0x08009af8   0x00000140   Code   RO        11746    i.do_close          api_msg.o
    0x08009c38   0x000002d0   Code   RO        11747    i.do_close_internal  api_msg.o
    0x08009f08   0x00000158   Code   RO        11748    i.do_connect        api_msg.o
    0x0800a060   0x00000178   Code   RO        11749    i.do_connected      api_msg.o
    0x0800a1d8   0x000001d8   Code   RO        11750    i.do_delconn        api_msg.o
    0x0800a3b0   0x00000150   Code   RO        11752    i.do_getaddr        api_msg.o
    0x0800a500   0x00000020   Code   RO        11754    i.do_newconn        api_msg.o
    0x0800a520   0x00000118   Code   RO        11755    i.do_recv           api_msg.o
    0x0800a638   0x00000128   Code   RO        11757    i.do_write          api_msg.o
    0x0800a760   0x000002fc   Code   RO        11758    i.do_writemore      api_msg.o
    0x0800aa5c   0x00000198   Code   RO        11759    i.err_tcp           api_msg.o
    0x0800abf4   0x000001cc   Code   RO         9651    i.etharp_arp_input  etharp.o
    0x0800adc0   0x00000038   Code   RO         9652    i.etharp_cleanup_netif  etharp.o
    0x0800adf8   0x000002f8   Code   RO         9654    i.etharp_find_entry  etharp.o
    0x0800b0f0   0x00000080   Code   RO         9655    i.etharp_free_entry  etharp.o
    0x0800b170   0x0000020c   Code   RO         9656    i.etharp_output     etharp.o
    0x0800b37c   0x00000118   Code   RO         9657    i.etharp_output_to_arp_index  etharp.o
    0x0800b494   0x00000284   Code   RO         9658    i.etharp_query      etharp.o
    0x0800b718   0x000001a0   Code   RO         9659    i.etharp_raw        etharp.o
    0x0800b8b8   0x00000030   Code   RO         9660    i.etharp_request    etharp.o
    0x0800b8e8   0x000000b4   Code   RO         9661    i.etharp_send_ip    etharp.o
    0x0800b99c   0x00000094   Code   RO         9662    i.etharp_tmr        etharp.o
    0x0800ba30   0x00000164   Code   RO         9663    i.etharp_update_arp_entry  etharp.o
    0x0800bb94   0x00000148   Code   RO         9664    i.ethernet_input    etharp.o
    0x0800bcdc   0x000000a8   Code   RO         9761    i.ethernetif_init   ethernetif.o
    0x0800bd84   0x00000030   Code   RO         9762    i.ethernetif_input  ethernetif.o
    0x0800bdb4   0x00000084   Code   RO         6766    i.extract_uri_parameters  httpd.o
    0x0800be38   0x00000028   Code   RO         5723    i.fputc             usart.o
    0x0800be60   0x00000050   Code   RO        12655    i.free              mc_w.l(malloc.o)
    0x0800beb0   0x0000000a   Code   RO         6701    i.fs_bytes_left     fs.o
    0x0800beba   0x0000000c   Code   RO         6702    i.fs_close          fs.o
    0x0800bec6   0x00000002   PAD
    0x0800bec8   0x00000034   Code   RO         6703    i.fs_free           fs.o
    0x0800befc   0x0000003c   Code   RO         6704    i.fs_malloc         fs.o
    0x0800bf38   0x0000004c   Code   RO         6705    i.fs_open           fs.o
    0x0800bf84   0x0000003e   Code   RO         6706    i.fs_read           fs.o
    0x0800bfc2   0x00000002   PAD
    0x0800bfc4   0x0000000c   Code   RO         5839    i.getChargingState  severcomm.o
    0x0800bfd0   0x00000010   Code   RO         6277    i.getDICIdata       lockcomm.o
    0x0800bfe0   0x0000000c   Code   RO         5840    i.getFinishAckCount  severcomm.o
    0x0800bfec   0x0000000c   Code   RO         5841    i.getFinishSendCount  severcomm.o
    0x0800bff8   0x0000000c   Code   RO         5842    i.getHeatAckCount   severcomm.o
    0x0800c004   0x0000000c   Code   RO         5843    i.getHeatSendCount  severcomm.o
    0x0800c010   0x0000000c   Code   RO         6556    i.getIpFlag         tcp_client_demo.o
    0x0800c01c   0x00000008   Code   RO         6351    i.getLocalIp        lwip_comm.o
    0x0800c024   0x00000008   Code   RO         6352    i.getLocalMac       lwip_comm.o
    0x0800c02c   0x00000008   Code   RO         6353    i.getLocalNetmask   lwip_comm.o
    0x0800c034   0x00000010   Code   RO         7217    i.getRtcData        rtc.o
    0x0800c044   0x0000000c   Code   RO         5847    i.getStartCount     severcomm.o
    0x0800c050   0x0000000c   Code   RO         5848    i.getStartpower     severcomm.o
    0x0800c05c   0x0000000c   Code   RO         5849    i.getStateAckCount  severcomm.o
    0x0800c068   0x0000000c   Code   RO         5850    i.getStateSendCount  severcomm.o
    0x0800c074   0x0000000c   Code   RO         5851    i.getStopCount      severcomm.o
    0x0800c080   0x00000160   Code   RO         6767    i.get_tag_insert    httpd.o
    0x0800c1e0   0x00000118   Code   RO         6768    i.http_accept       httpd.o
    0x0800c2f8   0x00000058   Code   RO         6769    i.http_close_conn   httpd.o
    0x0800c350   0x00000016   Code   RO         6770    i.http_err          httpd.o
    0x0800c366   0x00000002   PAD
    0x0800c368   0x0000015c   Code   RO         6771    i.http_find_file    httpd.o
    0x0800c4c4   0x0000005c   Code   RO         6772    i.http_get_404_file  httpd.o
    0x0800c520   0x0000015c   Code   RO         6773    i.http_init_file    httpd.o
    0x0800c67c   0x00000204   Code   RO         6774    i.http_parse_request  httpd.o
    0x0800c880   0x0000005c   Code   RO         6775    i.http_poll         httpd.o
    0x0800c8dc   0x00000150   Code   RO         6776    i.http_recv         httpd.o
    0x0800ca2c   0x0000077a   Code   RO         6777    i.http_send_data    httpd.o
    0x0800d1a6   0x00000028   Code   RO         6778    i.http_sent         httpd.o
    0x0800d1ce   0x00000002   PAD
    0x0800d1d0   0x000000d0   Code   RO         6779    i.http_set_cgi_handlers  httpd.o
    0x0800d2a0   0x0000010c   Code   RO         6780    i.http_set_ssi_handler  httpd.o
    0x0800d3ac   0x0000001c   Code   RO         6781    i.http_state_alloc  httpd.o
    0x0800d3c8   0x0000002a   Code   RO         6782    i.http_state_free   httpd.o
    0x0800d3f2   0x00000002   PAD
    0x0800d3f4   0x000000d4   Code   RO         6783    i.http_write        httpd.o
    0x0800d4c8   0x00000010   Code   RO         6939    i.httpd_cgi_init    httpd_cgi_ssi.o
    0x0800d4d8   0x0000001c   Code   RO         6784    i.httpd_init        httpd.o
    0x0800d4f4   0x0000013c   Code   RO         6785    i.httpd_init_addr   httpd.o
    0x0800d630   0x00000018   Code   RO         6940    i.httpd_ssi_init    httpd_cgi_ssi.o
    0x0800d648   0x00000012   Code   RO         9846    i.icmp_dest_unreach  icmp.o
    0x0800d65a   0x00000002   PAD
    0x0800d65c   0x00000338   Code   RO         9847    i.icmp_input        icmp.o
    0x0800d994   0x00000124   Code   RO         9848    i.icmp_send_response  icmp.o
    0x0800dab8   0x00000014   Code   RO         9927    i.inet_chksum       inet_chksum.o
    0x0800dacc   0x00000056   Code   RO         9928    i.inet_chksum_pbuf  inet_chksum.o
    0x0800db22   0x0000004e   Code   RO        10028    i.ip4_addr_isbroadcast  ip_addr.o
    0x0800db70   0x000001f4   Code   RO         9974    i.ip_input          ip.o
    0x0800dd64   0x000000b8   Code   RO         9975    i.ip_output         ip.o
    0x0800de1c   0x00000180   Code   RO         9976    i.ip_output_if      ip.o
    0x0800df9c   0x00000058   Code   RO         9977    i.ip_route          ip.o
    0x0800dff4   0x000000a4   Code   RO         9763    i.low_level_init    ethernetif.o
    0x0800e098   0x00000074   Code   RO         9764    i.low_level_input   ethernetif.o
    0x0800e10c   0x0000003e   Code   RO         9765    i.low_level_output  ethernetif.o
    0x0800e14a   0x00000002   PAD
    0x0800e14c   0x00000034   Code   RO         6354    i.lwip_comm_default_ip_set  lwip_comm.o
    0x0800e180   0x0000002c   Code   RO         6355    i.lwip_comm_dhcp_creat  lwip_comm.o
    0x0800e1ac   0x0000008c   Code   RO         6357    i.lwip_comm_init    lwip_comm.o
    0x0800e238   0x0000003c   Code   RO         6358    i.lwip_comm_mem_free  lwip_comm.o
    0x0800e274   0x00000074   Code   RO         6359    i.lwip_comm_mem_malloc  lwip_comm.o
    0x0800e2e8   0x000003f8   Code   RO         6360    i.lwip_dhcp_task    lwip_comm.o
    0x0800e6e0   0x0000001a   Code   RO        10114    i.lwip_htonl        def.o
    0x0800e6fa   0x0000000c   Code   RO        10115    i.lwip_htons        def.o
    0x0800e706   0x00000024   Code   RO        10381    i.lwip_init         init.o
    0x0800e72a   0x0000000c   Code   RO        10116    i.lwip_ntohl        def.o
    0x0800e736   0x0000000c   Code   RO        10117    i.lwip_ntohs        def.o
    0x0800e742   0x00000002   PAD
    0x0800e744   0x00000010   Code   RO         6361    i.lwip_packet_handler  lwip_comm.o
    0x0800e754   0x00000002   Code   RO        12073    i.lwip_socket_init  sockets.o
    0x0800e756   0x0000005e   Code   RO         9931    i.lwip_standard_chksum  inet_chksum.o
    0x0800e7b4   0x00000054   Code   RO         5165    i.main              main.o
    0x0800e808   0x0000006c   Code   RO        12656    i.malloc            mc_w.l(malloc.o)
    0x0800e874   0x0000016c   Code   RO        10421    i.mem_free          mem.o
    0x0800e9e0   0x000000f8   Code   RO        10422    i.mem_init          mem.o
    0x0800ead8   0x0000028c   Code   RO        10423    i.mem_malloc        mem.o
    0x0800ed64   0x000001f0   Code   RO        10424    i.mem_trim          mem.o
    0x0800ef54   0x000000c4   Code   RO        10476    i.memp_free         memp.o
    0x0800f018   0x00000008   Code   RO        10477    i.memp_get_memorysize  memp.o
    0x0800f020   0x00000068   Code   RO        10478    i.memp_init         memp.o
    0x0800f088   0x00000104   Code   RO        10479    i.memp_malloc       memp.o
    0x0800f18c   0x0000006c   Code   RO         5434    i.my_mem_free       malloc.o
    0x0800f1f8   0x0000002c   Code   RO         5435    i.my_mem_init       malloc.o
    0x0800f224   0x000000a8   Code   RO         5436    i.my_mem_malloc     malloc.o
    0x0800f2cc   0x00000040   Code   RO         5437    i.my_mem_perused    malloc.o
    0x0800f30c   0x00000024   Code   RO         5438    i.myfree            malloc.o
    0x0800f330   0x00000028   Code   RO         5439    i.mymalloc          malloc.o
    0x0800f358   0x00000014   Code   RO         5441    i.mymemset          malloc.o
    0x0800f36c   0x00000020   Code   RO        11935    i.netbuf_delete     netbuf.o
    0x0800f38c   0x00000128   Code   RO        11760    i.netconn_alloc     api_msg.o
    0x0800f4b4   0x0000000e   Code   RO        11603    i.netconn_close     api_lib.o
    0x0800f4c2   0x00000002   PAD
    0x0800f4c4   0x000000d0   Code   RO        11604    i.netconn_close_shutdown  api_lib.o
    0x0800f594   0x000000dc   Code   RO        11605    i.netconn_connect   api_lib.o
    0x0800f670   0x00000028   Code   RO        11606    i.netconn_delete    api_lib.o
    0x0800f698   0x0000016c   Code   RO        11761    i.netconn_drain     api_msg.o
    0x0800f804   0x00000178   Code   RO        11762    i.netconn_free      api_msg.o
    0x0800f97c   0x00000160   Code   RO        11608    i.netconn_getaddr   api_lib.o
    0x0800fadc   0x00000194   Code   RO        11610    i.netconn_new_with_proto_and_callback  api_lib.o
    0x0800fc70   0x000001c0   Code   RO        11611    i.netconn_recv      api_lib.o
    0x0800fe30   0x00000230   Code   RO        11612    i.netconn_recv_data  api_lib.o
    0x08010060   0x00000168   Code   RO        11618    i.netconn_write_partly  api_lib.o
    0x080101c8   0x0000010c   Code   RO        10539    i.netif_add         netif.o
    0x080102d4   0x00000002   Code   RO        10541    i.netif_init        netif.o
    0x080102d6   0x00000028   Code   RO        10543    i.netif_set_addr    netif.o
    0x080102fe   0x00000002   PAD
    0x08010300   0x00000010   Code   RO        10544    i.netif_set_default  netif.o
    0x08010310   0x0000002a   Code   RO        10545    i.netif_set_down    netif.o
    0x0801033a   0x00000010   Code   RO        10546    i.netif_set_gw      netif.o
    0x0801034a   0x00000002   PAD
    0x0801034c   0x00000088   Code   RO        10547    i.netif_set_ipaddr  netif.o
    0x080103d4   0x00000010   Code   RO        10551    i.netif_set_netmask  netif.o
    0x080103e4   0x00000036   Code   RO        10552    i.netif_set_up      netif.o
    0x0801041a   0x00000002   PAD
    0x0801041c   0x00000420   Code   RO        10651    i.pbuf_alloc        pbuf.o
    0x0801083c   0x0000014c   Code   RO        10652    i.pbuf_cat          pbuf.o
    0x08010988   0x0000001a   Code   RO        10653    i.pbuf_chain        pbuf.o
    0x080109a2   0x00000012   Code   RO        10654    i.pbuf_clen         pbuf.o
    0x080109b4   0x0000023c   Code   RO        10656    i.pbuf_copy         pbuf.o
    0x08010bf0   0x00000150   Code   RO        10657    i.pbuf_copy_partial  pbuf.o
    0x08010d40   0x00000174   Code   RO        10659    i.pbuf_free         pbuf.o
    0x08010eb4   0x00000158   Code   RO        10661    i.pbuf_header       pbuf.o
    0x0801100c   0x000001c8   Code   RO        10664    i.pbuf_realloc      pbuf.o
    0x080111d4   0x0000001a   Code   RO        10665    i.pbuf_ref          pbuf.o
    0x080111ee   0x00000002   PAD
    0x080111f0   0x00000140   Code   RO        11763    i.pcb_new           api_msg.o
    0x08011330   0x000001b8   Code   RO        10425    i.plug_holes        mem.o
    0x080114e8   0x000000e4   Code   RO        11764    i.poll_tcp          api_msg.o
    0x080115cc   0x00000010   Code   RO        10772    i.raw_connect       raw.o
    0x080115dc   0x0000007c   Code   RO        10773    i.raw_input         raw.o
    0x08011658   0x00000034   Code   RO        10774    i.raw_new           raw.o
    0x0801168c   0x00000006   Code   RO        10775    i.raw_recv          raw.o
    0x08011692   0x00000002   PAD
    0x08011694   0x0000004c   Code   RO        10776    i.raw_remove        raw.o
    0x080116e0   0x0000009c   Code   RO        11765    i.recv_raw          api_msg.o
    0x0801177c   0x00000188   Code   RO        11766    i.recv_tcp          api_msg.o
    0x08011904   0x00000184   Code   RO        11767    i.recv_udp          api_msg.o
    0x08011a88   0x00000050   Code   RO         5852    i.revStartDeal      severcomm.o
    0x08011ad8   0x00000070   Code   RO         5853    i.revStopDeal       severcomm.o
    0x08011b48   0x00000220   Code   RO         5854    i.sendFinish        severcomm.o
    0x08011d68   0x000000e4   Code   RO        11768    i.sent_tcp          api_msg.o
    0x08011e4c   0x00000018   Code   RO         5855    i.setBMSRequireCurrent  severcomm.o
    0x08011e64   0x00000018   Code   RO         5856    i.setBMSRequireVoltage  severcomm.o
    0x08011e7c   0x0000000c   Code   RO         5857    i.setBeforeChargingMeterRecord  severcomm.o
    0x08011e88   0x00000030   Code   RO         5858    i.setCHARGINGPILENUM  severcomm.o
    0x08011eb8   0x0000000c   Code   RO         5859    i.setChargeTime     severcomm.o
    0x08011ec4   0x0000000c   Code   RO         5860    i.setChargingAmount  severcomm.o
    0x08011ed0   0x0000000c   Code   RO         5861    i.setChargingCurrent  severcomm.o
    0x08011edc   0x0000000c   Code   RO         5862    i.setChargingPileType  severcomm.o
    0x08011ee8   0x0000000c   Code   RO         5863    i.setChargingPower  severcomm.o
    0x08011ef4   0x0000000c   Code   RO         5864    i.setCurrentMeterRecord  severcomm.o
    0x08011f00   0x0000000c   Code   RO         5865    i.setCurrentSoc     severcomm.o
    0x08011f0c   0x0000000c   Code   RO         5866    i.setFinishAckCount  severcomm.o
    0x08011f18   0x0000000c   Code   RO         5867    i.setFinishSendCount  severcomm.o
    0x08011f24   0x0000000c   Code   RO         5868    i.setHeatAckCount   severcomm.o
    0x08011f30   0x0000000c   Code   RO         5869    i.setHeatSendCount  severcomm.o
    0x08011f3c   0x0000000c   Code   RO         5870    i.setHeatTime       severcomm.o
    0x08011f48   0x000000b8   Code   RO         6362    i.setLocalIp        lwip_comm.o
    0x08012000   0x0000000c   Code   RO         5871    i.setStartCount     severcomm.o
    0x0801200c   0x0000000c   Code   RO         5872    i.setStartSoc       severcomm.o
    0x08012018   0x0000000c   Code   RO         5873    i.setStateAckCount  severcomm.o
    0x08012024   0x0000000c   Code   RO         5874    i.setStateSendCount  severcomm.o
    0x08012030   0x0000000c   Code   RO         5875    i.setStateTime      severcomm.o
    0x0801203c   0x0000000c   Code   RO         5876    i.setStopCount      severcomm.o
    0x08012048   0x00000018   Code   RO         7134    i.setSysError       stmflash.o
    0x08012060   0x00000018   Code   RO         5877    i.setacAphaseChargingCurrent  severcomm.o
    0x08012078   0x00000018   Code   RO         5878    i.setacAphaseChargingVoltage  severcomm.o
    0x08012090   0x00000018   Code   RO         5879    i.setacBphaseChargingCurrent  severcomm.o
    0x080120a8   0x00000018   Code   RO         5880    i.setacBphaseChargingVoltage  severcomm.o
    0x080120c0   0x00000018   Code   RO         5881    i.setacCphaseChargingCurrent  severcomm.o
    0x080120d8   0x00000018   Code   RO         5882    i.setacCphaseChargingVoltage  severcomm.o
    0x080120f0   0x0000000c   Code   RO         5883    i.setcarLinkStatus  severcomm.o
    0x080120fc   0x00000018   Code   RO         5884    i.setdcChargingCurrent  severcomm.o
    0x08012114   0x00000018   Code   RO         5885    i.setdcChargingVoltage  severcomm.o
    0x0801212c   0x00000044   Code   RO        11769    i.setup_tcp         api_msg.o
    0x08012170   0x000000ac   Code   RO         6278    i.strToIArray       lockcomm.o
    0x0801221c   0x0000004a   Code   RO         6786    i.strnstr           httpd.o
    0x08012266   0x00000002   PAD
    0x08012268   0x000000f8   Code   RO        11468    i.sys_arch_mbox_fetch  sys_arch.o
    0x08012360   0x00000012   Code   RO        11469    i.sys_arch_mbox_tryfetch  sys_arch.o
    0x08012372   0x00000064   Code   RO        11470    i.sys_arch_sem_wait  sys_arch.o
    0x080123d6   0x00000002   Code   RO        11471    i.sys_init          sys_arch.o
    0x080123d8   0x00000088   Code   RO        11472    i.sys_mbox_free     sys_arch.o
    0x08012460   0x000000c0   Code   RO        11473    i.sys_mbox_new      sys_arch.o
    0x08012520   0x00000020   Code   RO        11474    i.sys_mbox_post     sys_arch.o
    0x08012540   0x00000006   Code   RO        11475    i.sys_mbox_set_invalid  sys_arch.o
    0x08012546   0x00000002   PAD
    0x08012548   0x00000024   Code   RO        11476    i.sys_mbox_trypost  sys_arch.o
    0x0801256c   0x00000038   Code   RO        11477    i.sys_mbox_valid    sys_arch.o
    0x080125a4   0x00000088   Code   RO        11480    i.sys_sem_free      sys_arch.o
    0x0801262c   0x000000a4   Code   RO        11481    i.sys_sem_new       sys_arch.o
    0x080126d0   0x00000006   Code   RO        11482    i.sys_sem_set_invalid  sys_arch.o
    0x080126d6   0x0000000c   Code   RO        11483    i.sys_sem_signal    sys_arch.o
    0x080126e2   0x0000001a   Code   RO        11484    i.sys_sem_valid     sys_arch.o
    0x080126fc   0x00000058   Code   RO        11485    i.sys_thread_new    sys_arch.o
    0x08012754   0x00000148   Code   RO        11271    i.sys_timeout       timers.o
    0x0801289c   0x00000034   Code   RO        11272    i.sys_timeouts_init  timers.o
    0x080128d0   0x00000088   Code   RO        11273    i.sys_timeouts_mbox_fetch  timers.o
    0x08012958   0x00000060   Code   RO        11274    i.sys_untimeout     timers.o
    0x080129b8   0x00000148   Code   RO        10857    i.tcp_abandon       tcp.o
    0x08012b00   0x0000000e   Code   RO        10858    i.tcp_abort         tcp.o
    0x08012b0e   0x00000006   Code   RO        10859    i.tcp_accept        tcp.o
    0x08012b14   0x00000008   Code   RO        10860    i.tcp_accept_null   tcp.o
    0x08012b1c   0x000000c4   Code   RO        10861    i.tcp_alloc         tcp.o
    0x08012be0   0x00000006   Code   RO        10862    i.tcp_arg           tcp.o
    0x08012be6   0x00000002   PAD
    0x08012be8   0x00000134   Code   RO        10863    i.tcp_bind          tcp.o
    0x08012d1c   0x00000104   Code   RO         6557    i.tcp_client_init   tcp_client_demo.o
    0x08012e20   0x000002d4   Code   RO         6558    i.tcp_client_thread  tcp_client_demo.o
    0x080130f4   0x0000001c   Code   RO        10864    i.tcp_close         tcp.o
    0x08013110   0x00000278   Code   RO        10865    i.tcp_close_shutdown  tcp.o
    0x08013388   0x00000204   Code   RO        10866    i.tcp_connect       tcp.o
    0x0801358c   0x000000c2   Code   RO        11158    i.tcp_create_segment  tcp_out.o
    0x0801364e   0x0000002e   Code   RO        10868    i.tcp_eff_send_mss  tcp.o
    0x0801367c   0x000002b4   Code   RO        11159    i.tcp_enqueue_flags  tcp_out.o
    0x08013930   0x000000a4   Code   RO        10869    i.tcp_err           tcp.o
    0x080139d4   0x00000084   Code   RO        10870    i.tcp_fasttmr       tcp.o
    0x08013a58   0x00000002   Code   RO        10871    i.tcp_init          tcp.o
    0x08013a5a   0x00000002   PAD
    0x08013a5c   0x00000704   Code   RO        11098    i.tcp_input         tcp_in.o
    0x08014160   0x00000056   Code   RO        11160    i.tcp_keepalive     tcp_out.o
    0x080141b6   0x00000002   PAD
    0x080141b8   0x00000060   Code   RO        10872    i.tcp_kill_prio     tcp.o
    0x08014218   0x00000044   Code   RO        10873    i.tcp_kill_timewait  tcp.o
    0x0801425c   0x0000016c   Code   RO        11099    i.tcp_listen_input  tcp_in.o
    0x080143c8   0x0000018c   Code   RO        10874    i.tcp_listen_with_backlog  tcp.o
    0x08014554   0x0000000a   Code   RO        10875    i.tcp_new           tcp.o
    0x0801455e   0x00000002   PAD
    0x08014560   0x0000006c   Code   RO        10876    i.tcp_new_port      tcp.o
    0x080145cc   0x0000001c   Code   RO        10877    i.tcp_next_iss      tcp.o
    0x080145e8   0x000002c0   Code   RO        11161    i.tcp_output        tcp_out.o
    0x080148a8   0x00000120   Code   RO        11162    i.tcp_output_alloc_header  tcp_out.o
    0x080149c8   0x000000f0   Code   RO        11163    i.tcp_output_segment  tcp_out.o
    0x08014ab8   0x000000d0   Code   RO        11100    i.tcp_parseopt      tcp_in.o
    0x08014b88   0x00000100   Code   RO        11164    i.tcp_pbuf_prealloc  tcp_out.o
    0x08014c88   0x0000016c   Code   RO        10878    i.tcp_pcb_purge     tcp.o
    0x08014df4   0x00000154   Code   RO        10879    i.tcp_pcb_remove    tcp.o
    0x08014f48   0x000000a0   Code   RO        10880    i.tcp_poll          tcp.o
    0x08014fe8   0x000006f4   Code   RO        11101    i.tcp_process       tcp_in.o
    0x080156dc   0x000000a8   Code   RO        10881    i.tcp_process_refused_data  tcp.o
    0x08015784   0x000009b4   Code   RO        11102    i.tcp_receive       tcp_in.o
    0x08016138   0x000000a4   Code   RO        10882    i.tcp_recv          tcp.o
    0x080161dc   0x0000002e   Code   RO        10883    i.tcp_recv_null     tcp.o
    0x0801620a   0x00000002   PAD
    0x0801620c   0x00000128   Code   RO        10884    i.tcp_recved        tcp.o
    0x08016334   0x00000064   Code   RO        11165    i.tcp_rexmit        tcp_out.o
    0x08016398   0x0000007e   Code   RO        11166    i.tcp_rexmit_fast   tcp_out.o
    0x08016416   0x0000003e   Code   RO        11167    i.tcp_rexmit_rto    tcp_out.o
    0x08016454   0x00000124   Code   RO        11168    i.tcp_rst           tcp_out.o
    0x08016578   0x0000001a   Code   RO        10885    i.tcp_seg_free      tcp.o
    0x08016592   0x00000018   Code   RO        10886    i.tcp_segs_free     tcp.o
    0x080165aa   0x00000058   Code   RO        11169    i.tcp_send_empty_ack  tcp_out.o
    0x08016602   0x00000054   Code   RO        11170    i.tcp_send_fin      tcp_out.o
    0x08016656   0x00000002   PAD
    0x08016658   0x000000a4   Code   RO        10887    i.tcp_sent          tcp.o
    0x080166fc   0x00000004   Code   RO        10888    i.tcp_setprio       tcp.o
    0x08016700   0x00000068   Code   RO        10889    i.tcp_shutdown      tcp.o
    0x08016768   0x00000628   Code   RO        10890    i.tcp_slowtmr       tcp.o
    0x08016d90   0x00000038   Code   RO        11275    i.tcp_timer_needed  timers.o
    0x08016dc8   0x000000b4   Code   RO        11103    i.tcp_timewait_input  tcp_in.o
    0x08016e7c   0x00000024   Code   RO        10891    i.tcp_tmr           tcp.o
    0x08016ea0   0x000000ec   Code   RO        10892    i.tcp_update_rcv_ann_wnd  tcp.o
    0x08016f8c   0x00000734   Code   RO        11171    i.tcp_write         tcp_out.o
    0x080176c0   0x00000190   Code   RO        11172    i.tcp_write_checks  tcp_out.o
    0x08017850   0x000000bc   Code   RO        11173    i.tcp_zero_window_probe  tcp_out.o
    0x0801790c   0x00000040   Code   RO        12242    i.tcpip_apimsg      tcpip.o
    0x0801794c   0x000000e0   Code   RO        12246    i.tcpip_init        tcpip.o
    0x08017a2c   0x00000050   Code   RO        12247    i.tcpip_input       tcpip.o
    0x08017a7c   0x00000038   Code   RO        11276    i.tcpip_tcp_timer   timers.o
    0x08017ab4   0x00000188   Code   RO        12248    i.tcpip_thread      tcpip.o
    0x08017c3c   0x00000114   Code   RO        11362    i.udp_bind          udp.o
    0x08017d50   0x0000006c   Code   RO        11363    i.udp_connect       udp.o
    0x08017dbc   0x00000002   Code   RO        11365    i.udp_init          udp.o
    0x08017dbe   0x00000002   PAD
    0x08017dc0   0x00000290   Code   RO        11366    i.udp_input         udp.o
    0x08018050   0x0000001c   Code   RO        11367    i.udp_new           udp.o
    0x0801806c   0x0000005c   Code   RO        11368    i.udp_new_port      udp.o
    0x080180c8   0x00000006   Code   RO        11369    i.udp_recv          udp.o
    0x080180ce   0x00000002   PAD
    0x080180d0   0x0000004c   Code   RO        11370    i.udp_remove        udp.o
    0x0801811c   0x0000018c   Code   RO        11373    i.udp_sendto_if     udp.o
    0x080182a8   0x00000024   Data   RO         5448    .constdata          malloc.o
    0x080182cc   0x00000200   Data   RO         5767    .constdata          commpro.o
    0x080184cc   0x00000030   Data   RO         5887    .constdata          severcomm.o
    0x080184fc   0x000192be   Data   RO         6708    .constdata          fs.o
    0x080317ba   0x00000002   PAD
    0x080317bc   0x00000024   Data   RO         6788    .constdata          httpd.o
    0x080317e0   0x00000010   Data   RO         6941    .constdata          httpd_cgi_ssi.o
    0x080317f0   0x00000060   Data   RO         7017    .constdata          bsp_led.o
    0x08031850   0x0000017d   Data   RO         7063    .constdata          uartdriver.o
    0x080319cd   0x00000100   Data   RO         8881    .constdata          os_core.o
    0x08031acd   0x0000000c   Data   RO         9666    .constdata          etharp.o
    0x08031ad9   0x00000008   Data   RO        10035    .constdata          ip_addr.o
    0x08031ae1   0x00000001   PAD
    0x08031ae2   0x00000030   Data   RO        10481    .constdata          memp.o
    0x08031b12   0x00000002   PAD
    0x08031b14   0x00000050   Data   RO        10893    .constdata          tcp.o
    0x08031b64   0x00000004   Data   RO        11486    .constdata          sys_arch.o
    0x08031b68   0x0000006a   Data   RO         6789    .conststring        httpd.o
    0x08031bd2   0x00000002   PAD
    0x08031bd4   0x00000026   Data   RO         6942    .conststring        httpd_cgi_ssi.o
    0x08031bfa   0x00000002   PAD
    0x08031bfc   0x00000044   Data   RO         9667    .conststring        etharp.o
    0x08031c40   0x0000008c   Data   RO        10191    .conststring        dhcp.o
    0x08031ccc   0x00000088   Data   RO        10482    .conststring        memp.o
    0x08031d54   0x000000b1   Data   RO        10894    .conststring        tcp.o
    0x08031e05   0x00000003   PAD
    0x08031e08   0x00000055   Data   RO        11174    .conststring        tcp_out.o
    0x08031e5d   0x00000003   PAD
    0x08031e60   0x00000020   Data   RO        12723    Region$$Table       anon$$obj.o


    Execution Region RW_IRAM1 (Base: 0x20000000, Size: 0x0002ab10, Max: 0x00030000, ABSOLUTE, COMPRESSED[0x000000d4])

    Base Addr    Size         Type   Attr      Idx    E Section Name        Object

    0x20000000   0x00000010   Data   RW         3016    .data               stm32f4xx_rcc.o
    0x20000010   0x00000006   Data   RW         5167    .data               main.o
    0x20000016   0x00000002   PAD
    0x20000018   0x00000024   Data   RW         5449    .data               malloc.o
    0x2000003c   0x00000004   Data   RW         5542    .data               delay.o
    0x20000040   0x000000e9   Data   RW         5888    .data               severcomm.o
    0x20000129   0x00000002   Data   RW         6232    .data               chargingpiletouppercomputer.o
    0x2000012b   0x00000001   PAD
    0x2000012c   0x00000040   Data   RW         6280    .data               lockcomm.o
    0x2000016c   0x00000014   Data   RW         6364    .data               lwip_comm.o
    0x20000180   0x0000000c   Data   RW         6560    .data               tcp_client_demo.o
    0x2000018c   0x00000024   Data   RW         6790    .data               httpd.o
    0x200001b0   0x00000012   Data   RW         6943    .data               httpd_cgi_ssi.o
    0x200001c2   0x00000009   Data   RW         7018    .data               bsp_led.o
    0x200001cb   0x00000001   PAD
    0x200001cc   0x00000018   Data   RW         7136    .data               stmflash.o
    0x200001e4   0x00000007   Data   RW         7218    .data               rtc.o
    0x200001eb   0x00000001   PAD
    0x200001ec   0x00000010   Data   RW         7283    .data               lan8720.o
    0x200001fc   0x00000010   Data   RW         7451    .data               stm32f4x7_eth.o
    0x2000020c   0x00000048   Data   RW         8882    .data               os_core.o
    0x20000254   0x00000004   Data   RW         9536    .data               os_cpu_c.o
    0x20000258   0x00000001   Data   RW         9668    .data               etharp.o
    0x20000259   0x00000003   PAD
    0x2000025c   0x00000012   Data   RW         9978    .data               ip.o
    0x2000026e   0x00000002   PAD
    0x20000270   0x00000004   Data   RW        10192    .data               dhcp.o
    0x20000274   0x00000014   Data   RW        10426    .data               mem.o
    0x20000288   0x00000034   Data   RW        10483    .data               memp.o
    0x200002bc   0x00000009   Data   RW        10553    .data               netif.o
    0x200002c5   0x00000003   PAD
    0x200002c8   0x00000004   Data   RW        10779    .data               raw.o
    0x200002cc   0x00000024   Data   RW        10895    .data               tcp.o
    0x200002f0   0x00000020   Data   RW        11105    .data               tcp_in.o
    0x20000310   0x00000008   Data   RW        11277    .data               timers.o
    0x20000318   0x00000008   Data   RW        11374    .data               udp.o
    0x20000320   0x0000000c   Data   RW        12252    .data               tcpip.o
    0x2000032c   0x00000004   Data   RW        12697    .data               mc_w.l(stdout.o)
    0x20000330   0x00000004   Data   RW        12704    .data               mc_w.l(mvars.o)
    0x20000334   0x00000004   Data   RW        12705    .data               mc_w.l(mvars.o)
    0x20000338   0x00000100   Zero   RW         5166    .bss                main.o
    0x20000438   0x00000008   PAD
    0x20000440   0x0001a900   Zero   RW         5447    .bss                malloc.o
    0x2001ad40   0x00000508   Zero   RW         5766    .bss                commpro.o
    0x2001b248   0x0000060d   Zero   RW         5886    .bss                severcomm.o
    0x2001b855   0x00000003   PAD
    0x2001b858   0x000003f0   Zero   RW         6231    .bss                chargingpiletouppercomputer.o
    0x2001bc48   0x00000900   Zero   RW         6279    .bss                lockcomm.o
    0x2001c548   0x0000004c   Zero   RW         6363    .bss                lwip_comm.o
    0x2001c594   0x00002368   Zero   RW         6559    .bss                tcp_client_demo.o
    0x2001e8fc   0x000000b4   Zero   RW         6707    .bss                fs.o
    0x2001e9b0   0x00000400   Zero   RW         6787    .bss                httpd.o
    0x2001edb0   0x00004f24   Zero   RW         7062    .bss                uartdriver.o
    0x20023cd4   0x00000280   Zero   RW         7135    .bss                stmflash.o
    0x20023f54   0x0000000c   Zero   RW         7450    .bss                stm32f4x7_eth.o
    0x20023f60   0x0000206c   Zero   RW         8880    .bss                os_core.o
    0x20025fcc   0x00000200   Zero   RW         9535    .bss                os_cpu_c.o
    0x200261cc   0x000000c8   Zero   RW         9665    .bss                etharp.o
    0x20026294   0x00000032   Zero   RW        10190    .bss                dhcp.o
    0x200262c6   0x00000002   PAD
    0x200262c8   0x00000030   Zero   RW        10480    .bss                memp.o
    0x200262f8   0x00000011   Zero   RW        11104    .bss                tcp_in.o
    0x20026309   0x00000007   PAD
    0x20026310   0x00000800   Zero   RW            2    HEAP                startup_stm32f429_439xx.o
    0x20026b10   0x00004000   Zero   RW            1    STACK               startup_stm32f429_439xx.o



  Load Region LR$$.ARM.__AT_0x10000000 (Base: 0x10000000, Size: 0x00000000, Max: 0x0000f000, ABSOLUTE)

    Execution Region ER$$.ARM.__AT_0x10000000 (Base: 0x10000000, Size: 0x0000f000, Max: 0x0000f000, ABSOLUTE, UNINIT)

    Base Addr    Size         Type   Attr      Idx    E Section Name        Object

    0x10000000   0x0000f000   Zero   RW         5443    .ARM.__AT_0x10000000  malloc.o



  Load Region LR$$.ARM.__AT_0x1000F000 (Base: 0x1000f000, Size: 0x00000000, Max: 0x00000f00, ABSOLUTE)

    Execution Region ER$$.ARM.__AT_0x1000F000 (Base: 0x1000f000, Size: 0x00000f00, Max: 0x00000f00, ABSOLUTE, UNINIT)

    Base Addr    Size         Type   Attr      Idx    E Section Name        Object

    0x1000f000   0x00000f00   Zero   RW         5444    .ARM.__AT_0x1000F000  malloc.o



  Load Region LR$$.ARM.__AT_0xC01F4000 (Base: 0xc01f4000, Size: 0x00000000, Max: 0x01c3c000, ABSOLUTE)

    Execution Region ER$$.ARM.__AT_0xC01F4000 (Base: 0xc01f4000, Size: 0x01c3c000, Max: 0x01c3c000, ABSOLUTE, UNINIT)

    Base Addr    Size         Type   Attr      Idx    E Section Name        Object

    0xc01f4000   0x01c3c000   Zero   RW         5445    .ARM.__AT_0xC01F4000  malloc.o



  Load Region LR$$.ARM.__AT_0xC1E30000 (Base: 0xc1e30000, Size: 0x00000000, Max: 0x001c3c00, ABSOLUTE)

    Execution Region ER$$.ARM.__AT_0xC1E30000 (Base: 0xc1e30000, Size: 0x001c3c00, Max: 0x001c3c00, ABSOLUTE, UNINIT)

    Base Addr    Size         Type   Attr      Idx    E Section Name        Object

    0xc1e30000   0x001c3c00   Zero   RW         5446    .ARM.__AT_0xC1E30000  malloc.o


==============================================================================

Image component sizes


      Code (inc. data)   RO Data    RW Data    ZI Data      Debug   Object Name

      2606       1184          0          0          0      17692   api_lib.o
      7164       2914          0          0          0      16835   api_msg.o
       236         26         96          9          0       1869   bsp_led.o
       954         14          0          2       1008       3541   chargingpiletouppercomputer.o
       112         14        512          0       1288       6887   commpro.o
        62          0          0          0          0       2260   def.o
       316         32          0          4          0       4137   delay.o
      7522       2132        140          4         50      23440   dhcp.o
      4328       1362         80          1        200      14236   etharp.o
       558        140          0          0          0       6496   ethernetif.o
       272         16     103102          0        180       8146   fs.o
      5736       1596        142         36       1024      28209   httpd.o
      1370        390         54         18          0       9146   httpd_cgi_ssi.o
      1134        464          0          0          0       3293   icmp.o
         0          0          0          0          0       3844   inet.o
       200          0          0          0          0       2761   inet_chksum.o
        36          0          0          0          0        548   init.o
      1156        284          0         18          0       8333   ip.o
        78          0          8          0          0       6986   ip_addr.o
       960         96          0         16          0      41797   lan8720.o
      1740        912          0         64       2304       6337   lockcomm.o
      1980        762          0         20         76      36263   lwip_comm.o
       328         86          0          6        256      66734   main.o
       480         54         36         36   31630336     279238   malloc.o
      2200        954          0         20          0       5549   mem.o
       568        294        184         52         48       4198   memp.o
       120         14          0          0          0       1180   misc.o
       620         96          0          0          0       4039   myiic.o
        32          0          0          0          0       2040   netbuf.o
       590        132          0          9          0       8427   netif.o
      2614        424        256         72       8300      25727   os_core.o
       220         36          0          0          0        432   os_cpu_a.o
       672        130          0          4        512      15995   os_cpu_c.o
      1408         60          0          0          0       6635   os_flag.o
      1004         54          0          0          0       5639   os_q.o
       712         38          0          0          0       4502   os_sem.o
      1170        118          0          0          0       7180   os_task.o
       152         26          0          0          0       1272   os_time.o
      3538       1508          0          0          0       8405   pbuf.o
       112          0          0          0          0       1820   pcf8574.o
       274         20          0          4          0       4020   raw.o
       432        140          0          7          0       2909   rtc.o
       788         36          0          0          0       1686   sdram.o
      3642        638         48        233       1549      37526   severcomm.o
         2          0          0          0          0        503   sockets.o
        36          8        428          0      18432        984   startup_stm32f429_439xx.o
      1702        160          0         16         12      14845   stm32f4x7_eth.o
       676         58          0          0          0       6929   stm32f4xx_dma.o
       426         40          0          0          0       5060   stm32f4xx_flash.o
       222          0          0          0          0       3251   stm32f4xx_gpio.o
       302         46          0          0          0       6677   stm32f4xx_it.o
        12          6          0          0          0        602   stm32f4xx_pwr.o
       476         62          0         16          0       7607   stm32f4xx_rcc.o
       910         56          0          0          0       8107   stm32f4xx_rtc.o
       412          8          0          0          0       4717   stm32f4xx_usart.o
      3232        576          0         24        640      11700   stmflash.o
       834         44          0          0          0       5070   sys.o
      1258        470          4          0          0      11749   sys_arch.o
       392         32          0          0          0     313029   system_stm32f4xx.o
      6800       2310        257         36          0      35277   tcp.o
      1756        506          0         12       9064      19744   tcp_client_demo.o
      6812       1172          0         32         17      17287   tcp_in.o
      5644       1542         85          0          0      15799   tcp_out.o
       760        294          0         12          0       8922   tcpip.o
       820        228          0          8          0       6707   timers.o
      1982         98        381          0      20260       7719   uartdriver.o
      1640        390          0          8          0      16584   udp.o
        40         10          0          0          0        568   usart.o

    ----------------------------------------------------------------------
     97434      25312     105860        812   31695576    1277646   Object Totals
         0          0         32          0          0          0   (incl. Generated)
        92          0         15         13         20          0   (incl. Padding)

    ----------------------------------------------------------------------

      Code (inc. data)   RO Data    RW Data    ZI Data      Debug   Library Member Name

        86          0          0          0          0          0   __dczerorl2.o
         0          0          0          0          0          0   entry.o
         0          0          0          0          0          0   entry10a.o
         0          0          0          0          0          0   entry11a.o
         8          4          0          0          0          0   entry2.o
         4          0          0          0          0          0   entry5.o
         0          0          0          0          0          0   entry7b.o
         0          0          0          0          0          0   entry8b.o
         8          4          0          0          0          0   entry9a.o
        30          0          0          0          0          0   handlers.o
        36          8          0          0          0         68   init.o
       188         20          0          0          0        160   malloc.o
        26          0          0          0          0         80   memcmp.o
        36          0          0          0          0         68   memcpya.o
        36          0          0          0          0        108   memseta.o
         0          0          0          8          0          0   mvars.o
       472         14          0          0          0        184   printf3.o
         0          0          0          4          0          0   stdout.o
        20          0          0          0          0         68   strchr.o
        28          0          0          0          0         76   strcmp.o
        18          0          0          0          0         68   strcpy.o
        14          0          0          0          0         68   strlen.o
        30          0          0          0          0         80   strncmp.o
        36          0          0          0          0         80   strstr.o
        44          0          0          0          0         80   uidiv.o

    ----------------------------------------------------------------------
      1122         50          0         12          0       1188   Library Totals
         2          0          0          0          0          0   (incl. Padding)

    ----------------------------------------------------------------------

      Code (inc. data)   RO Data    RW Data    ZI Data      Debug   Library Name

      1120         50          0         12          0       1188   mc_w.l

    ----------------------------------------------------------------------
      1122         50          0         12          0       1188   Library Totals

    ----------------------------------------------------------------------

==============================================================================


      Code (inc. data)   RO Data    RW Data    ZI Data      Debug   

     98556      25362     105860        824   31695576    1221146   Grand Totals
     98556      25362     105860        212   31695576    1221146   ELF Image Totals (compressed)
     98556      25362     105860        212          0          0   ROM Totals

==============================================================================

    Total RO  Size (Code + RO Data)               204416 ( 199.63kB)
    Total RW  Size (RW Data + ZI Data)          31696400 (30953.52kB)
    Total ROM Size (Code + RO Data + RW Data)     204628 ( 199.83kB)

==============================================================================

